Archive member included because of file (symbol)

c:/altera/12.1/nios2eds/bin/gnu/h-i686-mingw32/bin/../lib/gcc/nios2-elf/4.1.2/mno-hw-mul\libgcc.a(lib2-divmod.o)
                              obj/default/avalon_isp_algo_2a.o (__udivsi3)
c:/altera/12.1/nios2eds/bin/gnu/h-i686-mingw32/bin/../lib/gcc/nios2-elf/4.1.2/mno-hw-mul\libgcc.a(lib2-mul.o)
                              obj/default/avalon_isp_algo_2a.o (__mulsi3)
c:/altera/12.1/nios2eds/bin/gnu/h-i686-mingw32/bin/../lib/gcc/nios2-elf/4.1.2/../../../../nios2-elf/lib/mno-hw-mul\libc.a(lib_a-printf.o)
                              obj/default/hello_world.o (printf)
c:/altera/12.1/nios2eds/bin/gnu/h-i686-mingw32/bin/../lib/gcc/nios2-elf/4.1.2/../../../../nios2-elf/lib/mno-hw-mul\libc.a(lib_a-puts.o)
                              obj/default/hello_world.o (puts)
c:/altera/12.1/nios2eds/bin/gnu/h-i686-mingw32/bin/../lib/gcc/nios2-elf/4.1.2/../../../../nios2-elf/lib/mno-hw-mul\libc.a(lib_a-strlen.o)
                              c:/altera/12.1/nios2eds/bin/gnu/h-i686-mingw32/bin/../lib/gcc/nios2-elf/4.1.2/../../../../nios2-elf/lib/mno-hw-mul\libc.a(lib_a-puts.o) (strlen)
c:/altera/12.1/nios2eds/bin/gnu/h-i686-mingw32/bin/../lib/gcc/nios2-elf/4.1.2/../../../../nios2-elf/lib/mno-hw-mul\libc.a(lib_a-vfprintf.o)
                              c:/altera/12.1/nios2eds/bin/gnu/h-i686-mingw32/bin/../lib/gcc/nios2-elf/4.1.2/../../../../nios2-elf/lib/mno-hw-mul\libc.a(lib_a-printf.o) (___vfprintf_internal_r)
c:/altera/12.1/nios2eds/bin/gnu/h-i686-mingw32/bin/../lib/gcc/nios2-elf/4.1.2/../../../../nios2-elf/lib/mno-hw-mul\libc.a(lib_a-wsetup.o)
                              c:/altera/12.1/nios2eds/bin/gnu/h-i686-mingw32/bin/../lib/gcc/nios2-elf/4.1.2/../../../../nios2-elf/lib/mno-hw-mul\libc.a(lib_a-vfprintf.o) (__swsetup_r)
c:/altera/12.1/nios2eds/bin/gnu/h-i686-mingw32/bin/../lib/gcc/nios2-elf/4.1.2/../../../../nios2-elf/lib/mno-hw-mul\libc.a(lib_a-dtoa.o)
                              c:/altera/12.1/nios2eds/bin/gnu/h-i686-mingw32/bin/../lib/gcc/nios2-elf/4.1.2/../../../../nios2-elf/lib/mno-hw-mul\libc.a(lib_a-vfprintf.o) (_dtoa_r)
c:/altera/12.1/nios2eds/bin/gnu/h-i686-mingw32/bin/../lib/gcc/nios2-elf/4.1.2/../../../../nios2-elf/lib/mno-hw-mul\libc.a(lib_a-fflush.o)
                              c:/altera/12.1/nios2eds/bin/gnu/h-i686-mingw32/bin/../lib/gcc/nios2-elf/4.1.2/../../../../nios2-elf/lib/mno-hw-mul\libc.a(lib_a-vfprintf.o) (_fflush_r)
c:/altera/12.1/nios2eds/bin/gnu/h-i686-mingw32/bin/../lib/gcc/nios2-elf/4.1.2/../../../../nios2-elf/lib/mno-hw-mul\libc.a(lib_a-findfp.o)
                              c:/altera/12.1/nios2eds/bin/gnu/h-i686-mingw32/bin/../lib/gcc/nios2-elf/4.1.2/../../../../nios2-elf/lib/mno-hw-mul\libc.a(lib_a-vfprintf.o) (__sinit)
c:/altera/12.1/nios2eds/bin/gnu/h-i686-mingw32/bin/../lib/gcc/nios2-elf/4.1.2/../../../../nios2-elf/lib/mno-hw-mul\libc.a(lib_a-freer.o)
                              c:/altera/12.1/nios2eds/bin/gnu/h-i686-mingw32/bin/../lib/gcc/nios2-elf/4.1.2/../../../../nios2-elf/lib/mno-hw-mul\libc.a(lib_a-wsetup.o) (_free_r)
c:/altera/12.1/nios2eds/bin/gnu/h-i686-mingw32/bin/../lib/gcc/nios2-elf/4.1.2/../../../../nios2-elf/lib/mno-hw-mul\libc.a(lib_a-fvwrite.o)
                              c:/altera/12.1/nios2eds/bin/gnu/h-i686-mingw32/bin/../lib/gcc/nios2-elf/4.1.2/../../../../nios2-elf/lib/mno-hw-mul\libc.a(lib_a-puts.o) (__sfvwrite_r)
c:/altera/12.1/nios2eds/bin/gnu/h-i686-mingw32/bin/../lib/gcc/nios2-elf/4.1.2/../../../../nios2-elf/lib/mno-hw-mul\libc.a(lib_a-fwalk.o)
                              c:/altera/12.1/nios2eds/bin/gnu/h-i686-mingw32/bin/../lib/gcc/nios2-elf/4.1.2/../../../../nios2-elf/lib/mno-hw-mul\libc.a(lib_a-fflush.o) (_fwalk_reent)
c:/altera/12.1/nios2eds/bin/gnu/h-i686-mingw32/bin/../lib/gcc/nios2-elf/4.1.2/../../../../nios2-elf/lib/mno-hw-mul\libc.a(lib_a-impure.o)
                              c:/altera/12.1/nios2eds/bin/gnu/h-i686-mingw32/bin/../lib/gcc/nios2-elf/4.1.2/../../../../nios2-elf/lib/mno-hw-mul\libc.a(lib_a-printf.o) (_impure_ptr)
c:/altera/12.1/nios2eds/bin/gnu/h-i686-mingw32/bin/../lib/gcc/nios2-elf/4.1.2/../../../../nios2-elf/lib/mno-hw-mul\libc.a(lib_a-locale.o)
                              c:/altera/12.1/nios2eds/bin/gnu/h-i686-mingw32/bin/../lib/gcc/nios2-elf/4.1.2/../../../../nios2-elf/lib/mno-hw-mul\libc.a(lib_a-vfprintf.o) (_localeconv_r)
c:/altera/12.1/nios2eds/bin/gnu/h-i686-mingw32/bin/../lib/gcc/nios2-elf/4.1.2/../../../../nios2-elf/lib/mno-hw-mul\libc.a(lib_a-makebuf.o)
                              c:/altera/12.1/nios2eds/bin/gnu/h-i686-mingw32/bin/../lib/gcc/nios2-elf/4.1.2/../../../../nios2-elf/lib/mno-hw-mul\libc.a(lib_a-wsetup.o) (__smakebuf_r)
c:/altera/12.1/nios2eds/bin/gnu/h-i686-mingw32/bin/../lib/gcc/nios2-elf/4.1.2/../../../../nios2-elf/lib/mno-hw-mul\libc.a(lib_a-mallocr.o)
                              c:/altera/12.1/nios2eds/bin/gnu/h-i686-mingw32/bin/../lib/gcc/nios2-elf/4.1.2/../../../../nios2-elf/lib/mno-hw-mul\libc.a(lib_a-findfp.o) (_malloc_r)
[...]
Memory Configuration

Name             Origin             Length             Attributes
reset            0x00000000         0x00000020
sdram            0x00000020         0x01ffffe0
*default*        0x00000000         0xffffffff

Linker script and memory map

LOAD C:/work/fpga/nios2_camera_sdram_lcd/prj_eclipse/nios2_camera_sdram_lcd_bsp//obj/HAL/src/crt0.o
LOAD obj/default/avalon_isp_algo_2a.o
LOAD obj/default/hello_world.o
LOAD obj/default/ov5640_drv.o
LOAD c:/altera/12.1/nios2eds/bin/gnu/h-i686-mingw32/bin/../lib/gcc/nios2-elf/4.1.2/../../../../nios2-elf/lib/mno-hw-mul\libstdc++.a
LOAD c:/altera/12.1/nios2eds/bin/gnu/h-i686-mingw32/bin/../lib/gcc/nios2-elf/4.1.2/../../../../nios2-elf/lib/mno-hw-mul\libm.a
LOAD c:/altera/12.1/nios2eds/bin/gnu/h-i686-mingw32/bin/../lib/gcc/nios2-elf/4.1.2/mno-hw-mul\libgcc.a
START GROUP
LOAD c:/altera/12.1/nios2eds/bin/gnu/h-i686-mingw32/bin/../lib/gcc/nios2-elf/4.1.2/../../../../nios2-elf/lib/mno-hw-mul\libc.a
LOAD c:/altera/12.1/nios2eds/bin/gnu/h-i686-mingw32/bin/../lib/gcc/nios2-elf/4.1.2/mno-hw-mul\libgcc.a
LOAD C:/work/fpga/nios2_camera_sdram_lcd/prj_eclipse/nios2_camera_sdram_lcd_bsp/\libhal_bsp.a
END GROUP
LOAD c:/altera/12.1/nios2eds/bin/gnu/h-i686-mingw32/bin/../lib/gcc/nios2-elf/4.1.2/mno-hw-mul\libgcc.a
                0x00000000                __alt_mem_sdram = 0x0

.entry          0x00000000       0x20
 *(.entry)
 .entry         0x00000000       0x20 C:/work/fpga/nios2_camera_sdram_lcd/prj_eclipse/nios2_camera_sdram_lcd_bsp//obj/HAL/src/crt0.o
                0x00000000                __reset

.exceptions     0x00000020      0x194
                0x00000020                PROVIDE (__ram_exceptions_start, ABSOLUTE (.))
                0x00000020                . = ALIGN (0x20)
 *(.irq)
 *(.exceptions.entry.label)
 .exceptions.entry.label
                0x00000020        0x0 C:/work/fpga/nios2_camera_sdram_lcd/prj_eclipse/nios2_camera_sdram_lcd_bsp/\libhal_bsp.a(alt_irq_entry.o)
                0x00000020                alt_irq_entry
 .exceptions.entry.label
                0x00000020        0x0 C:/work/fpga/nios2_camera_sdram_lcd/prj_eclipse/nios2_camera_sdram_lcd_bsp/\libhal_bsp.a(alt_exception_entry.o)
                0x00000020                alt_exception
 *(.exceptions.entry.user)
 *(.exceptions.entry)
 .exceptions.entry
                0x00000020       0x54 C:/work/fpga/nios2_camera_sdram_lcd/prj_eclipse/nios2_camera_sdram_lcd_bsp/\libhal_bsp.a(alt_exception_entry.o)
 *(.exceptions.irqtest.user)
 *(.exceptions.irqtest)
 .exceptions.irqtest
                0x00000074       0x10 C:/work/fpga/nios2_camera_sdram_lcd/prj_eclipse/nios2_camera_sdram_lcd_bsp/\libhal_bsp.a(alt_irq_entry.o)
 *(.exceptions.irqhandler.user)
 *(.exceptions.irqhandler)
 .exceptions.irqhandler
                0x00000084        0x4 C:/work/fpga/nios2_camera_sdram_lcd/prj_eclipse/nios2_camera_sdram_lcd_bsp/\libhal_bsp.a(alt_irq_entry.o)
 *(.exceptions.irqreturn.user)
 *(.exceptions.irqreturn)
 .exceptions.irqreturn
                0x00000088        0x4 C:/work/fpga/nios2_camera_sdram_lcd/prj_eclipse/nios2_camera_sdram_lcd_bsp/\libhal_bsp.a(alt_irq_entry.o)
 *(.exceptions.notirq.label)
 .exceptions.notirq.label
                0x0000008c        0x0 C:/work/fpga/nios2_camera_sdram_lcd/prj_eclipse/nios2_camera_sdram_lcd_bsp/\libhal_bsp.a(alt_irq_entry.o)
 *(.exceptions.notirq.user)
 *(.exceptions.notirq)
 .exceptions.notirq
                0x0000008c        0x8 C:/work/fpga/nios2_camera_sdram_lcd/prj_eclipse/nios2_camera_sdram_lcd_bsp/\libhal_bsp.a(alt_exception_entry.o)
 *(.exceptions.soft.user)
 *(.exceptions.soft)
 *(.exceptions.unknown.user)
 *(.exceptions.unknown)
 .exceptions.unknown
                0x00000094        0x4 C:/work/fpga/nios2_camera_sdram_lcd/prj_eclipse/nios2_camera_sdram_lcd_bsp/\libhal_bsp.a(alt_exception_entry.o)
 *(.exceptions.exit.label)
 .exceptions.exit.label
                0x00000098        0x0 C:/work/fpga/nios2_camera_sdram_lcd/prj_eclipse/nios2_camera_sdram_lcd_bsp/\libhal_bsp.a(alt_irq_entry.o)
 .exceptions.exit.label
                0x00000098        0x0 C:/work/fpga/nios2_camera_sdram_lcd/prj_eclipse/nios2_camera_sdram_lcd_bsp/\libhal_bsp.a(alt_exception_entry.o)
 *(.exceptions.exit.user)
 *(.exceptions.exit)
 .exceptions.exit
                0x00000098       0x54 C:/work/fpga/nios2_camera_sdram_lcd/prj_eclipse/nios2_camera_sdram_lcd_bsp/\libhal_bsp.a(alt_exception_entry.o)
 *(.exceptions)
 .exceptions    0x000000ec       0xc8 C:/work/fpga/nios2_camera_sdram_lcd/prj_eclipse/nios2_camera_sdram_lcd_bsp/\libhal_bsp.a(alt_irq_handler.o)
                0x000000ec                alt_irq_handler
                0x000001b4                PROVIDE (__ram_exceptions_end, ABSOLUTE (.))
                0x00000020                PROVIDE (__flash_exceptions_start, LOADADDR (.exceptions))

.text           0x000001b4     0xdec0
                0x000001b4                PROVIDE (stext, ABSOLUTE (.))
 *(.interp)
 *(.hash)
 *(.dynsym)
 *(.dynstr)
 *(.gnu.version)
 *(.gnu.version_d)
 *(.gnu.version_r)
 *(.rel.init)
 *(.rela.init)
 *(.rel.text .rel.text.* .rel.gnu.linkonce.t.*)
 *(.rela.text .rela.text.* .rela.gnu.linkonce.t.*)
 *(.rel.fini)
 *(.rela.fini)
 *(.rel.rodata .rel.rodata.* .rel.gnu.linkonce.r.*)
 *(.rela.rodata .rela.rodata.* .rela.gnu.linkonce.r.*)
 *(.rel.data .rel.data.* .rel.gnu.linkonce.d.*)
 *(.rela.data .rela.data.* .rela.gnu.linkonce.d.*)
 *(.rel.tdata .rel.tdata.* .rel.gnu.linkonce.td.*)
 *(.rela.tdata .rela.tdata.* .rela.gnu.linkonce.td.*)
 *(.rel.tbss .rel.tbss.* .rel.gnu.linkonce.tb.*)
 *(.rela.tbss .rela.tbss.* .rela.gnu.linkonce.tb.*)
 *(.rel.ctors)
 *(.rela.ctors)
 *(.rel.dtors)
 *(.rela.dtors)
 *(.rel.got)
 *(.rela.got)
 *(.rel.sdata .rel.sdata.* .rel.gnu.linkonce.s.*)
 *(.rela.sdata .rela.sdata.* .rela.gnu.linkonce.s.*)
 *(.rel.sbss .rel.sbss.* .rel.gnu.linkonce.sb.*)
 *(.rela.sbss .rela.sbss.* .rela.gnu.linkonce.sb.*)
 *(.rel.sdata2 .rel.sdata2.* .rel.gnu.linkonce.s2.*)
 *(.rela.sdata2 .rela.sdata2.* .rela.gnu.linkonce.s2.*)
 *(.rel.sbss2 .rel.sbss2.* .rel.gnu.linkonce.sb2.*)
 *(.rela.sbss2 .rela.sbss2.* .rela.gnu.linkonce.sb2.*)
 *(.rel.bss .rel.bss.* .rel.gnu.linkonce.b.*)
 *(.rela.bss .rela.bss.* .rela.gnu.linkonce.b.*)
 *(.rel.plt)
 *(.rela.plt)
 *(.rel.dyn)
 *(.init)
 *(.plt)
 *(.text .stub .text.* .gnu.linkonce.t.*)
 .text          0x000001b4       0x3c C:/work/fpga/nios2_camera_sdram_lcd/prj_eclipse/nios2_camera_sdram_lcd_bsp//obj/HAL/src/crt0.o
                0x000001b4                _start
 .text          0x000001f0      0x388 obj/default/avalon_isp_algo_2a.o
                0x000001f0                isp_ae_handler
                0x000004b4                isp_awb_handler
 .text          0x00000578      0x690 obj/default/hello_world.o
                0x00000924                main
 .text          0x00000c08      0xf4c obj/default/ov5640_drv.o
                0x0000142c                ov5640_init_raw_1280_960_30fps_crop_960_544
                0x00001aa0                cmos_set_exposure
                0x00001b04                cmos_set_gain
 .text          0x00001b54      0x14c c:/altera/12.1/nios2eds/bin/gnu/h-i686-mingw32/bin/../lib/gcc/nios2-elf/4.1.2/mno-hw-mul\libgcc.a(lib2-divmod.o)
                0x00001bd0                __divsi3
                0x00001c30                __modsi3
                0x00001c90                __udivsi3
                0x00001c98                __umodsi3
 .text          0x00001ca0       0x38 c:/altera/12.1/nios2eds/bin/gnu/h-i686-mingw32/bin/../lib/gcc/nios2-elf/4.1.2/mno-hw-mul\libgcc.a(lib2-mul.o)
                0x00001ca0                __mulsi3
 .text          0x00001cd8       0x78 c:/altera/12.1/nios2eds/bin/gnu/h-i686-mingw32/bin/../lib/gcc/nios2-elf/4.1.2/../../../../nios2-elf/lib/mno-hw-mul\libc.a(lib_a-printf.o)
                0x00001cd8                printf
                0x00001d1c                _printf_r
 .text          0x00001d50       0xb4 c:/altera/12.1/nios2eds/bin/gnu/h-i686-mingw32/bin/../lib/gcc/nios2-elf/4.1.2/../../../../nios2-elf/lib/mno-hw-mul\libc.a(lib_a-puts.o)
                0x00001d50                _puts_r
                0x00001df0                puts
 .text          0x00001e04       0x74 c:/altera/12.1/nios2eds/bin/gnu/h-i686-mingw32/bin/../lib/gcc/nios2-elf/4.1.2/../../../../nios2-elf/lib/mno-hw-mul\libc.a(lib_a-strlen.o)
                0x00001e04                strlen
 .text          0x00001e78     0x1f40 c:/altera/12.1/nios2eds/bin/gnu/h-i686-mingw32/bin/../lib/gcc/nios2-elf/4.1.2/../../../../nios2-elf/lib/mno-hw-mul\libc.a(lib_a-vfprintf.o)
                0x00001ed0                ___vfprintf_internal_r
                0x00003d94                __vfprintf_internal
 .text          0x00003db8      0x13c c:/altera/12.1/nios2eds/bin/gnu/h-i686-mingw32/bin/../lib/gcc/nios2-elf/4.1.2/../../../../nios2-elf/lib/mno-hw-mul\libc.a(lib_a-wsetup.o)
                0x00003db8                __swsetup_r
 .text          0x00003ef4     0x17f8 c:/altera/12.1/nios2eds/bin/gnu/h-i686-mingw32/bin/../lib/gcc/nios2-elf/4.1.2/../../../../nios2-elf/lib/mno-hw-mul\libc.a(lib_a-dtoa.o)
                0x00004138                _dtoa_r
 .text          0x000056ec      0x230 c:/altera/12.1/nios2eds/bin/gnu/h-i686-mingw32/bin/../lib/gcc/nios2-elf/4.1.2/../../../../nios2-elf/lib/mno-hw-mul\libc.a(lib_a-fflush.o)
                0x000056ec                _fflush_r
                0x000058e8                fflush
 .text          0x0000591c      0x2f4 c:/altera/12.1/nios2eds/bin/gnu/h-i686-mingw32/bin/../lib/gcc/nios2-elf/4.1.2/../../../../nios2-elf/lib/mno-hw-mul\libc.a(lib_a-findfp.o)
                0x00005974                __sfp_lock_acquire
                0x00005978                __sfp_lock_release
                0x0000597c                __sinit_lock_acquire
                0x00005980                __sinit_lock_release
                0x00005984                __sinit
                0x00005a38                __fp_unlock_all
                0x00005a50                __fp_lock_all
                0x00005a68                _cleanup_r
                0x00005a74                _cleanup
                0x00005a84                __sfmoreglue
                0x00005b20                __sfp
 .text          0x00005c10      0x440 c:/altera/12.1/nios2eds/bin/gnu/h-i686-mingw32/bin/../lib/gcc/nios2-elf/4.1.2/../../../../nios2-elf/lib/mno-hw-mul\libc.a(lib_a-freer.o)
                0x00005c10                _malloc_trim_r
                0x00005d3c                _free_r
 .text          0x00006050      0x49c c:/altera/12.1/nios2eds/bin/gnu/h-i686-mingw32/bin/../lib/gcc/nios2-elf/4.1.2/../../../../nios2-elf/lib/mno-hw-mul\libc.a(lib_a-fvwrite.o)
                0x00006050                __sfvwrite_r
 .text          0x000064ec      0x180 c:/altera/12.1/nios2eds/bin/gnu/h-i686-mingw32/bin/../lib/gcc/nios2-elf/4.1.2/../../../../nios2-elf/lib/mno-hw-mul\libc.a(lib_a-fwalk.o)
                0x000064ec                _fwalk_reent
                0x000065b4                _fwalk
 .text          0x0000666c        0x0 c:/altera/12.1/nios2eds/bin/gnu/h-i686-mingw32/bin/../lib/gcc/nios2-elf/4.1.2/../../../../nios2-elf/lib/mno-hw-mul\libc.a(lib_a-impure.o)
 .text          0x0000666c       0xc4 c:/altera/12.1/nios2eds/bin/gnu/h-i686-mingw32/bin/../lib/gcc/nios2-elf/4.1.2/../../../../nios2-elf/lib/mno-hw-mul\libc.a(lib_a-locale.o)
                0x0000666c                __locale_charset
                0x00006674                _localeconv_r
                0x00006680                localeconv
                0x00006690                _setlocale_r
                0x00006714                setlocale
 .text          0x00006730      0x194 c:/altera/12.1/nios2eds/bin/gnu/h-i686-mingw32/bin/../lib/gcc/nios2-elf/4.1.2/../../../../nios2-elf/lib/mno-hw-mul\libc.a(lib_a-makebuf.o)
                0x00006730                __smakebuf_r
 .text          0x000068c4      0x740 c:/altera/12.1/nios2eds/bin/gnu/h-i686-mingw32/bin/../lib/gcc/nios2-elf/4.1.2/../../../../nios2-elf/lib/mno-hw-mul\libc.a(lib_a-mallocr.o)
                0x000068c4                _malloc_r
 .text          0x00007004       0xe4 c:/altera/12.1/nios2eds/bin/gnu/h-i686-mingw32/bin/../lib/gcc/nios2-elf/4.1.2/../../../../nios2-elf/lib/mno-hw-mul\libc.a(lib_a-memchr.o)
                0x00007004                memchr
 .text          0x000070e8       0xa0 c:/altera/12.1/nios2eds/bin/gnu/h-i686-mingw32/bin/../lib/gcc/nios2-elf/4.1.2/../../../../nios2-elf/lib/mno-hw-mul\libc.a(lib_a-memcpy.o)
                0x000070e8                memcpy
 .text          0x00007188       0xe0 c:/altera/12.1/nios2eds/bin/gnu/h-i686-mingw32/bin/../lib/gcc/nios2-elf/4.1.2/../../../../nios2-elf/lib/mno-hw-mul\libc.a(lib_a-memmove.o)
                0x00007188                memmove
 .text          0x00007268       0x98 c:/altera/12.1/nios2eds/bin/gnu/h-i686-mingw32/bin/../lib/gcc/nios2-elf/4.1.2/../../../../nios2-elf/lib/mno-hw-mul\libc.a(lib_a-memset.o)
                0x00007268                memset
 .text          0x00007300     0x108c c:/altera/12.1/nios2eds/bin/gnu/h-i686-mingw32/bin/../lib/gcc/nios2-elf/4.1.2/../../../../nios2-elf/lib/mno-hw-mul\libc.a(lib_a-mprec.o)
                0x00007300                _Bfree
                0x00007328                __hi0bits
                0x00007398                __lo0bits
                0x0000745c                __mcmp
                0x000074bc                __ulp
                0x0000753c                __b2d
                0x0000765c                __ratio
                0x0000770c                _mprec_log10
                0x000077a0                __copybits
                0x000077f8                __any_on
                0x00007880                _Balloc
                0x0000793c                __d2b
                0x00007ab8                __mdiff
                0x00007c44                __lshift
                0x00007d90                __multiply
                0x00007fe4                __i2b
                0x00008020                __multadd
                0x0000814c                __pow5mult
                0x0000826c                __s2b
 .text          0x0000838c      0x5f4 c:/altera/12.1/nios2eds/bin/gnu/h-i686-mingw32/bin/../lib/gcc/nios2-elf/4.1.2/../../../../nios2-elf/lib/mno-hw-mul\libc.a(lib_a-reallocr.o)
                0x0000838c                _realloc_r
 .text          0x00008980       0x40 c:/altera/12.1/nios2eds/bin/gnu/h-i686-mingw32/bin/../lib/gcc/nios2-elf/4.1.2/../../../../nios2-elf/lib/mno-hw-mul\libc.a(lib_a-s_isinfd.o)
                0x00008980                __isinfd
 .text          0x000089c0       0x30 c:/altera/12.1/nios2eds/bin/gnu/h-i686-mingw32/bin/../lib/gcc/nios2-elf/4.1.2/../../../../nios2-elf/lib/mno-hw-mul\libc.a(lib_a-s_isnand.o)
                0x000089c0                __isnand
 .text          0x000089f0       0x70 c:/altera/12.1/nios2eds/bin/gnu/h-i686-mingw32/bin/../lib/gcc/nios2-elf/4.1.2/../../../../nios2-elf/lib/mno-hw-mul\libc.a(lib_a-sbrkr.o)
                0x000089f0                _sbrk_r
 .text          0x00008a60      0x14c c:/altera/12.1/nios2eds/bin/gnu/h-i686-mingw32/bin/../lib/gcc/nios2-elf/4.1.2/../../../../nios2-elf/lib/mno-hw-mul\libc.a(lib_a-stdio.o)
                0x00008a60                __sclose
                0x00008a68                __sseek
                0x00008ad0                __swrite
                0x00008b4c                __sread
 .text          0x00008bac       0xbc c:/altera/12.1/nios2eds/bin/gnu/h-i686-mingw32/bin/../lib/gcc/nios2-elf/4.1.2/../../../../nios2-elf/lib/mno-hw-mul\libc.a(lib_a-strcmp.o)
                0x00008bac                strcmp
 .text          0x00008c68       0x78 c:/altera/12.1/nios2eds/bin/gnu/h-i686-mingw32/bin/../lib/gcc/nios2-elf/4.1.2/../../../../nios2-elf/lib/mno-hw-mul\libc.a(lib_a-writer.o)
                0x00008c68                _write_r
 .text          0x00008ce0       0xc8 c:/altera/12.1/nios2eds/bin/gnu/h-i686-mingw32/bin/../lib/gcc/nios2-elf/4.1.2/../../../../nios2-elf/lib/mno-hw-mul\libc.a(lib_a-callocr.o)
                0x00008ce0                _calloc_r
 .text          0x00008da8       0x70 c:/altera/12.1/nios2eds/bin/gnu/h-i686-mingw32/bin/../lib/gcc/nios2-elf/4.1.2/../../../../nios2-elf/lib/mno-hw-mul\libc.a(lib_a-closer.o)
                0x00008da8                _close_r
 .text          0x00008e18      0x124 c:/altera/12.1/nios2eds/bin/gnu/h-i686-mingw32/bin/../lib/gcc/nios2-elf/4.1.2/../../../../nios2-elf/lib/mno-hw-mul\libc.a(lib_a-fclose.o)
                0x00008e18                _fclose_r
                0x00008f28                fclose
 .text          0x00008f3c       0x74 c:/altera/12.1/nios2eds/bin/gnu/h-i686-mingw32/bin/../lib/gcc/nios2-elf/4.1.2/../../../../nios2-elf/lib/mno-hw-mul\libc.a(lib_a-fstatr.o)
                0x00008f3c                _fstat_r
 .text          0x00008fb0        0x0 c:/altera/12.1/nios2eds/bin/gnu/h-i686-mingw32/bin/../lib/gcc/nios2-elf/4.1.2/../../../../nios2-elf/lib/mno-hw-mul\libc.a(lib_a-int_errno.o)
 .text          0x00008fb0       0x70 c:/altera/12.1/nios2eds/bin/gnu/h-i686-mingw32/bin/../lib/gcc/nios2-elf/4.1.2/../../../../nios2-elf/lib/mno-hw-mul\libc.a(lib_a-isattyr.o)
                0x00008fb0                _isatty_r
 .text          0x00009020       0x78 c:/altera/12.1/nios2eds/bin/gnu/h-i686-mingw32/bin/../lib/gcc/nios2-elf/4.1.2/../../../../nios2-elf/lib/mno-hw-mul\libc.a(lib_a-lseekr.o)
                0x00009020                _lseek_r
 .text          0x00009098       0x78 c:/altera/12.1/nios2eds/bin/gnu/h-i686-mingw32/bin/../lib/gcc/nios2-elf/4.1.2/../../../../nios2-elf/lib/mno-hw-mul\libc.a(lib_a-readr.o)
                0x00009098                _read_r
 .text          0x00009110      0x66c c:/altera/12.1/nios2eds/bin/gnu/h-i686-mingw32/bin/../lib/gcc/nios2-elf/4.1.2/mno-hw-mul\libgcc.a(_udivdi3.o)
                0x00009110                __udivdi3
 .text          0x0000977c      0x660 c:/altera/12.1/nios2eds/bin/gnu/h-i686-mingw32/bin/../lib/gcc/nios2-elf/4.1.2/mno-hw-mul\libgcc.a(_umoddi3.o)
                0x0000977c                __umoddi3
 .text          0x00009ddc      0x504 c:/altera/12.1/nios2eds/bin/gnu/h-i686-mingw32/bin/../lib/gcc/nios2-elf/4.1.2/mno-hw-mul\libgcc.a(_addsub_df.o)
                0x0000a1ec                __subdf3
                0x0000a26c                __adddf3
 .text          0x0000a2e0      0x3c4 c:/altera/12.1/nios2eds/bin/gnu/h-i686-mingw32/bin/../lib/gcc/nios2-elf/4.1.2/mno-hw-mul\libgcc.a(_mul_df.o)
                0x0000a2e0                __muldf3
 .text          0x0000a6a4      0x258 c:/altera/12.1/nios2eds/bin/gnu/h-i686-mingw32/bin/../lib/gcc/nios2-elf/4.1.2/mno-hw-mul\libgcc.a(_div_df.o)
                0x0000a6a4                __divdf3
 .text          0x0000a8fc       0x88 c:/altera/12.1/nios2eds/bin/gnu/h-i686-mingw32/bin/../lib/gcc/nios2-elf/4.1.2/mno-hw-mul\libgcc.a(_eq_df.o)
                0x0000a8fc                __eqdf2
 .text          0x0000a984       0x88 c:/altera/12.1/nios2eds/bin/gnu/h-i686-mingw32/bin/../lib/gcc/nios2-elf/4.1.2/mno-hw-mul\libgcc.a(_ne_df.o)
                0x0000a984                __nedf2
 .text          0x0000aa0c       0x88 c:/altera/12.1/nios2eds/bin/gnu/h-i686-mingw32/bin/../lib/gcc/nios2-elf/4.1.2/mno-hw-mul\libgcc.a(_gt_df.o)
                0x0000aa0c                __gtdf2
 .text          0x0000aa94       0x88 c:/altera/12.1/nios2eds/bin/gnu/h-i686-mingw32/bin/../lib/gcc/nios2-elf/4.1.2/mno-hw-mul\libgcc.a(_ge_df.o)
                0x0000aa94                __gedf2
 .text          0x0000ab1c       0x88 c:/altera/12.1/nios2eds/bin/gnu/h-i686-mingw32/bin/../lib/gcc/nios2-elf/4.1.2/mno-hw-mul\libgcc.a(_lt_df.o)
                0x0000ab1c                __ltdf2
 .text          0x0000aba4       0xf8 c:/altera/12.1/nios2eds/bin/gnu/h-i686-mingw32/bin/../lib/gcc/nios2-elf/4.1.2/mno-hw-mul\libgcc.a(_si_to_df.o)
                0x0000aba4                __floatsidf
 .text          0x0000ac9c       0xd8 c:/altera/12.1/nios2eds/bin/gnu/h-i686-mingw32/bin/../lib/gcc/nios2-elf/4.1.2/mno-hw-mul\libgcc.a(_df_to_si.o)
                0x0000ac9c                __fixdfsi
 .text          0x0000ad74        0x0 c:/altera/12.1/nios2eds/bin/gnu/h-i686-mingw32/bin/../lib/gcc/nios2-elf/4.1.2/mno-hw-mul\libgcc.a(_thenan_df.o)
 .text          0x0000ad74      0x194 c:/altera/12.1/nios2eds/bin/gnu/h-i686-mingw32/bin/../lib/gcc/nios2-elf/4.1.2/mno-hw-mul\libgcc.a(_usi_to_df.o)
                0x0000ad74                __floatunsidf
 .text          0x0000af08      0x124 c:/altera/12.1/nios2eds/bin/gnu/h-i686-mingw32/bin/../lib/gcc/nios2-elf/4.1.2/mno-hw-mul\libgcc.a(_muldi3.o)
                0x0000af08                __muldi3
 .text          0x0000b02c        0x0 c:/altera/12.1/nios2eds/bin/gnu/h-i686-mingw32/bin/../lib/gcc/nios2-elf/4.1.2/mno-hw-mul\libgcc.a(_clz.o)
 .text          0x0000b02c       0x80 c:/altera/12.1/nios2eds/bin/gnu/h-i686-mingw32/bin/../lib/gcc/nios2-elf/4.1.2/mno-hw-mul\libgcc.a(_clzsi2.o)
                0x0000b02c                __clzsi2
 .text          0x0000b0ac      0x314 c:/altera/12.1/nios2eds/bin/gnu/h-i686-mingw32/bin/../lib/gcc/nios2-elf/4.1.2/mno-hw-mul\libgcc.a(_pack_df.o)
                0x0000b0ac                __pack_d
 .text          0x0000b3c0      0x138 c:/altera/12.1/nios2eds/bin/gnu/h-i686-mingw32/bin/../lib/gcc/nios2-elf/4.1.2/mno-hw-mul\libgcc.a(_unpack_df.o)
                0x0000b3c0                __unpack_d
 .text          0x0000b4f8       0xc8 c:/altera/12.1/nios2eds/bin/gnu/h-i686-mingw32/bin/../lib/gcc/nios2-elf/4.1.2/mno-hw-mul\libgcc.a(_fpcmp_parts_df.o)
                0x0000b4f8                __fpcmp_parts_d
 .text          0x0000b5c0      0x160 C:/work/fpga/nios2_camera_sdram_lcd/prj_eclipse/nios2_camera_sdram_lcd_bsp/\libhal_bsp.a(alt_close.o)
                0x0000b5c0                close
 .text          0x0000b720       0x2c C:/work/fpga/nios2_camera_sdram_lcd/prj_eclipse/nios2_camera_sdram_lcd_bsp/\libhal_bsp.a(alt_dev.o)
 .text          0x0000b74c        0x0 C:/work/fpga/nios2_camera_sdram_lcd/prj_eclipse/nios2_camera_sdram_lcd_bsp/\libhal_bsp.a(alt_errno.o)
 .text          0x0000b74c      0x138 C:/work/fpga/nios2_camera_sdram_lcd/prj_eclipse/nios2_camera_sdram_lcd_bsp/\libhal_bsp.a(alt_fstat.o)
                0x0000b74c                fstat
 .text          0x0000b884      0x1d4 C:/work/fpga/nios2_camera_sdram_lcd/prj_eclipse/nios2_camera_sdram_lcd_bsp/\libhal_bsp.a(alt_iic.o)
                0x0000b884                alt_ic_isr_register
                0x0000b8d4                alt_ic_irq_enable
                0x0000b970                alt_ic_irq_disable
                0x0000ba10                alt_ic_irq_enabled
 .text          0x0000ba58       0xf8 C:/work/fpga/nios2_camera_sdram_lcd/prj_eclipse/nios2_camera_sdram_lcd_bsp/\libhal_bsp.a(alt_iic_isr_register.o)
                0x0000ba58                alt_iic_isr_register
 .text          0x0000bb50        0x0 C:/work/fpga/nios2_camera_sdram_lcd/prj_eclipse/nios2_camera_sdram_lcd_bsp/\libhal_bsp.a(alt_irq_entry.o)
 .text          0x0000bb50        0x0 C:/work/fpga/nios2_camera_sdram_lcd/prj_eclipse/nios2_camera_sdram_lcd_bsp/\libhal_bsp.a(alt_irq_handler.o)
 .text          0x0000bb50        0x0 C:/work/fpga/nios2_camera_sdram_lcd/prj_eclipse/nios2_camera_sdram_lcd_bsp/\libhal_bsp.a(alt_irq_vars.o)
 .text          0x0000bb50      0x124 C:/work/fpga/nios2_camera_sdram_lcd/prj_eclipse/nios2_camera_sdram_lcd_bsp/\libhal_bsp.a(alt_isatty.o)
                0x0000bb50                isatty
 .text          0x0000bc74       0xec C:/work/fpga/nios2_camera_sdram_lcd/prj_eclipse/nios2_camera_sdram_lcd_bsp/\libhal_bsp.a(alt_load.o)
                0x0000bc74                alt_load
 .text          0x0000bd60      0x154 C:/work/fpga/nios2_camera_sdram_lcd/prj_eclipse/nios2_camera_sdram_lcd_bsp/\libhal_bsp.a(alt_lseek.o)
                0x0000bd60                lseek
 .text          0x0000beb4       0x6c C:/work/fpga/nios2_camera_sdram_lcd/prj_eclipse/nios2_camera_sdram_lcd_bsp/\libhal_bsp.a(alt_main.o)
                0x0000beb4                alt_main
 .text          0x0000bf20       0x40 C:/work/fpga/nios2_camera_sdram_lcd/prj_eclipse/nios2_camera_sdram_lcd_bsp/\libhal_bsp.a(alt_malloc_lock.o)
                0x0000bf20                __malloc_lock
                0x0000bf40                __malloc_unlock
 .text          0x0000bf60      0x184 C:/work/fpga/nios2_camera_sdram_lcd/prj_eclipse/nios2_camera_sdram_lcd_bsp/\libhal_bsp.a(alt_read.o)
                0x0000bf60                read
 .text          0x0000c0e4       0x78 C:/work/fpga/nios2_camera_sdram_lcd/prj_eclipse/nios2_camera_sdram_lcd_bsp/\libhal_bsp.a(alt_release_fd.o)
                0x0000c0e4                alt_release_fd
 .text          0x0000c15c       0xbc C:/work/fpga/nios2_camera_sdram_lcd/prj_eclipse/nios2_camera_sdram_lcd_bsp/\libhal_bsp.a(alt_sbrk.o)
                0x0000c15c                sbrk
 .text          0x0000c218       0x30 C:/work/fpga/nios2_camera_sdram_lcd/prj_eclipse/nios2_camera_sdram_lcd_bsp/\libhal_bsp.a(alt_usleep.o)
                0x0000c218                usleep
 .text          0x0000c248      0x184 C:/work/fpga/nios2_camera_sdram_lcd/prj_eclipse/nios2_camera_sdram_lcd_bsp/\libhal_bsp.a(alt_write.o)
                0x0000c248                write
 .text          0x0000c3cc       0xb0 C:/work/fpga/nios2_camera_sdram_lcd/prj_eclipse/nios2_camera_sdram_lcd_bsp/\libhal_bsp.a(alt_sys_init.o)
                0x0000c3cc                alt_irq_init
                0x0000c400                alt_sys_init
 .text          0x0000c47c      0x148 C:/work/fpga/nios2_camera_sdram_lcd/prj_eclipse/nios2_camera_sdram_lcd_bsp/\libhal_bsp.a(altera_avalon_jtag_uart_fd.o)
                0x0000c47c                altera_avalon_jtag_uart_read_fd
                0x0000c4d4                altera_avalon_jtag_uart_write_fd
                0x0000c52c                altera_avalon_jtag_uart_close_fd
                0x0000c574                altera_avalon_jtag_uart_ioctl_fd
 .text          0x0000c5c4      0x40c C:/work/fpga/nios2_camera_sdram_lcd/prj_eclipse/nios2_camera_sdram_lcd_bsp/\libhal_bsp.a(altera_avalon_jtag_uart_init.o)
                0x0000c5c4                altera_avalon_jtag_uart_init
                0x0000c95c                altera_avalon_jtag_uart_close
 .text          0x0000c9d0       0xf4 C:/work/fpga/nios2_camera_sdram_lcd/prj_eclipse/nios2_camera_sdram_lcd_bsp/\libhal_bsp.a(altera_avalon_jtag_uart_ioctl.o)
                0x0000c9d0                altera_avalon_jtag_uart_ioctl
 .text          0x0000cac4      0x224 C:/work/fpga/nios2_camera_sdram_lcd/prj_eclipse/nios2_camera_sdram_lcd_bsp/\libhal_bsp.a(altera_avalon_jtag_uart_read.o)
                0x0000cac4                altera_avalon_jtag_uart_read
 .text          0x0000cce8      0x240 C:/work/fpga/nios2_camera_sdram_lcd/prj_eclipse/nios2_camera_sdram_lcd_bsp/\libhal_bsp.a(altera_avalon_jtag_uart_write.o)
                0x0000cce8                altera_avalon_jtag_uart_write
 .text          0x0000cf28      0x154 C:/work/fpga/nios2_camera_sdram_lcd/prj_eclipse/nios2_camera_sdram_lcd_bsp/\libhal_bsp.a(alt_alarm_start.o)
                0x0000cf28                alt_alarm_start
 .text          0x0000d07c      0x15c C:/work/fpga/nios2_camera_sdram_lcd/prj_eclipse/nios2_camera_sdram_lcd_bsp/\libhal_bsp.a(alt_busy_sleep.o)
                0x0000d07c                alt_busy_sleep
 .text          0x0000d1d8       0x1c C:/work/fpga/nios2_camera_sdram_lcd/prj_eclipse/nios2_camera_sdram_lcd_bsp/\libhal_bsp.a(alt_dcache_flush_all.o)
                0x0000d1d8                alt_dcache_flush_all
 .text          0x0000d1f4      0x114 C:/work/fpga/nios2_camera_sdram_lcd/prj_eclipse/nios2_camera_sdram_lcd_bsp/\libhal_bsp.a(alt_dev_llist_insert.o)
                0x0000d1f4                alt_dev_llist_insert
 .text          0x0000d308       0x64 C:/work/fpga/nios2_camera_sdram_lcd/prj_eclipse/nios2_camera_sdram_lcd_bsp/\libhal_bsp.a(alt_do_ctors.o)
                0x0000d308                _do_ctors
 .text          0x0000d36c       0x64 C:/work/fpga/nios2_camera_sdram_lcd/prj_eclipse/nios2_camera_sdram_lcd_bsp/\libhal_bsp.a(alt_do_dtors.o)
                0x0000d36c                _do_dtors
 .text          0x0000d3d0        0x0 C:/work/fpga/nios2_camera_sdram_lcd/prj_eclipse/nios2_camera_sdram_lcd_bsp/\libhal_bsp.a(alt_exception_entry.o)
 .text          0x0000d3d0       0x1c C:/work/fpga/nios2_camera_sdram_lcd/prj_eclipse/nios2_camera_sdram_lcd_bsp/\libhal_bsp.a(alt_icache_flush_all.o)
                0x0000d3d0                alt_icache_flush_all
 .text          0x0000d3ec      0x150 C:/work/fpga/nios2_camera_sdram_lcd/prj_eclipse/nios2_camera_sdram_lcd_bsp/\libhal_bsp.a(alt_io_redirect.o)
                0x0000d4c4                alt_io_redirect
 .text          0x0000d53c      0x2e4 C:/work/fpga/nios2_camera_sdram_lcd/prj_eclipse/nios2_camera_sdram_lcd_bsp/\libhal_bsp.a(alt_open.o)
                0x0000d634                open
 .text          0x0000d820      0x1a4 C:/work/fpga/nios2_camera_sdram_lcd/prj_eclipse/nios2_camera_sdram_lcd_bsp/\libhal_bsp.a(alt_tick.o)
                0x0000d820                alt_alarm_stop
                0x0000d8b8                alt_tick
 .text          0x0000d9c4       0x20 C:/work/fpga/nios2_camera_sdram_lcd/prj_eclipse/nios2_camera_sdram_lcd_bsp/\libhal_bsp.a(altera_nios2_qsys_irq.o)
                0x0000d9c4                altera_nios2_qsys_irq_init
 .text          0x0000d9e4       0x94 C:/work/fpga/nios2_camera_sdram_lcd/prj_eclipse/nios2_camera_sdram_lcd_bsp/\libhal_bsp.a(alt_find_dev.o)
                0x0000d9e4                alt_find_dev
 .text          0x0000da78      0x120 C:/work/fpga/nios2_camera_sdram_lcd/prj_eclipse/nios2_camera_sdram_lcd_bsp/\libhal_bsp.a(alt_find_file.o)
                0x0000da78                alt_find_file
 .text          0x0000db98       0xd0 C:/work/fpga/nios2_camera_sdram_lcd/prj_eclipse/nios2_camera_sdram_lcd_bsp/\libhal_bsp.a(alt_get_fd.o)
                0x0000db98                alt_get_fd
 .text          0x0000dc68       0x14 c:/altera/12.1/nios2eds/bin/gnu/h-i686-mingw32/bin/../lib/gcc/nios2-elf/4.1.2/../../../../nios2-elf/lib/mno-hw-mul\libc.a(lib_a-atexit.o)
                0x0000dc68                atexit
 .text          0x0000dc7c       0x38 c:/altera/12.1/nios2eds/bin/gnu/h-i686-mingw32/bin/../lib/gcc/nios2-elf/4.1.2/../../../../nios2-elf/lib/mno-hw-mul\libc.a(lib_a-exit.o)
                0x0000dc7c                exit
 .text          0x0000dcb4       0x74 c:/altera/12.1/nios2eds/bin/gnu/h-i686-mingw32/bin/../lib/gcc/nios2-elf/4.1.2/../../../../nios2-elf/lib/mno-hw-mul\libc.a(lib_a-memcmp.o)
                0x0000dcb4                memcmp
 .text          0x0000dd28      0x134 c:/altera/12.1/nios2eds/bin/gnu/h-i686-mingw32/bin/../lib/gcc/nios2-elf/4.1.2/../../../../nios2-elf/lib/mno-hw-mul\libc.a(lib_a-__atexit.o)
                0x0000dd28                __register_exitproc
 .text          0x0000de5c      0x1b4 c:/altera/12.1/nios2eds/bin/gnu/h-i686-mingw32/bin/../lib/gcc/nios2-elf/4.1.2/../../../../nios2-elf/lib/mno-hw-mul\libc.a(lib_a-__call_atexit.o)
                0x0000de60                __call_exitprocs
 .text          0x0000e010       0x60 C:/work/fpga/nios2_camera_sdram_lcd/prj_eclipse/nios2_camera_sdram_lcd_bsp/\libhal_bsp.a(alt_exit.o)
                0x0000e050                _exit
 *(.gnu.warning.*)
 *(.fini)
                0x0000e070                PROVIDE (__etext, ABSOLUTE (.))
                0x0000e070                PROVIDE (_etext, ABSOLUTE (.))
                0x0000e070                PROVIDE (etext, ABSOLUTE (.))
 *(.eh_frame_hdr)
                0x0000e070                . = ALIGN (0x4)
                0x0000e070                PROVIDE (__preinit_array_start, ABSOLUTE (.))
 *(.preinit_array)
                0x0000e070                PROVIDE (__preinit_array_end, ABSOLUTE (.))
                0x0000e070                PROVIDE (__init_array_start, ABSOLUTE (.))
 *(.init_array)
                0x0000e070                PROVIDE (__init_array_end, ABSOLUTE (.))
                0x0000e070                PROVIDE (__fini_array_start, ABSOLUTE (.))
 *(.fini_array)
                0x0000e070                PROVIDE (__fini_array_end, ABSOLUTE (.))
 *(.eh_frame)
 *(.gcc_except_table)
 *(.dynamic)
                0x0000e070                PROVIDE (__CTOR_LIST__, ABSOLUTE (.))
 *(.ctors)
 *(SORT(.ctors.*))
 .ctors.65535   0x0000e070        0x4 c:/altera/12.1/nios2eds/bin/gnu/h-i686-mingw32/bin/../lib/gcc/nios2-elf/4.1.2/../../../../nios2-elf/lib/mno-hw-mul\libc.a(lib_a-__call_atexit.o)
                0x0000e074                PROVIDE (__CTOR_END__, ABSOLUTE (.))
                0x0000e074                PROVIDE (__DTOR_LIST__, ABSOLUTE (.))
 *(.dtors)
 *(SORT(.dtors.*))
                0x0000e074                PROVIDE (__DTOR_END__, ABSOLUTE (.))
 *(.jcr)
                0x0000e074                . = ALIGN (0x4)

.rodata         0x0000e074      0x4b0
                0x0000e074                PROVIDE (__ram_rodata_start, ABSOLUTE (.))
                0x0000e074                . = ALIGN (0x4)
 *(.rodata .rodata.* .gnu.linkonce.r.*)
 .rodata        0x0000e074      0x134 obj/default/hello_world.o
 .rodata        0x0000e1a8       0x40 obj/default/ov5640_drv.o
 .rodata.str1.4
                0x0000e1e8        0x2 c:/altera/12.1/nios2eds/bin/gnu/h-i686-mingw32/bin/../lib/gcc/nios2-elf/4.1.2/../../../../nios2-elf/lib/mno-hw-mul\libc.a(lib_a-puts.o)
                                  0x4 (size before relaxing)
 *fill*         0x0000e1ea        0x2 00
 .rodata.str1.4
                0x0000e1ec       0x5e c:/altera/12.1/nios2eds/bin/gnu/h-i686-mingw32/bin/../lib/gcc/nios2-elf/4.1.2/../../../../nios2-elf/lib/mno-hw-mul\libc.a(lib_a-vfprintf.o)
                                 0x60 (size before relaxing)
 .rodata        0x0000e24a       0x20 c:/altera/12.1/nios2eds/bin/gnu/h-i686-mingw32/bin/../lib/gcc/nios2-elf/4.1.2/../../../../nios2-elf/lib/mno-hw-mul\libc.a(lib_a-vfprintf.o)
 *fill*         0x0000e26a        0x2 00
 .rodata.str1.4
                0x0000e26c       0x10 c:/altera/12.1/nios2eds/bin/gnu/h-i686-mingw32/bin/../lib/gcc/nios2-elf/4.1.2/../../../../nios2-elf/lib/mno-hw-mul\libc.a(lib_a-dtoa.o)
                                 0x14 (size before relaxing)
 .rodata.str1.4
                0x0000e27c        0x2 c:/altera/12.1/nios2eds/bin/gnu/h-i686-mingw32/bin/../lib/gcc/nios2-elf/4.1.2/../../../../nios2-elf/lib/mno-hw-mul\libc.a(lib_a-impure.o)
                                  0x4 (size before relaxing)
 *fill*         0x0000e27e        0x2 00
 .rodata.str1.4
                0x0000e280       0x10 c:/altera/12.1/nios2eds/bin/gnu/h-i686-mingw32/bin/../lib/gcc/nios2-elf/4.1.2/../../../../nios2-elf/lib/mno-hw-mul\libc.a(lib_a-locale.o)
                                 0x18 (size before relaxing)
 .rodata        0x0000e290       0x30 c:/altera/12.1/nios2eds/bin/gnu/h-i686-mingw32/bin/../lib/gcc/nios2-elf/4.1.2/../../../../nios2-elf/lib/mno-hw-mul\libc.a(lib_a-locale.o)
 .rodata        0x0000e2c0      0x124 c:/altera/12.1/nios2eds/bin/gnu/h-i686-mingw32/bin/../lib/gcc/nios2-elf/4.1.2/../../../../nios2-elf/lib/mno-hw-mul\libc.a(lib_a-mprec.o)
                0x0000e2c0                __mprec_tens
                0x0000e388                __mprec_bigtens
                0x0000e3b0                __mprec_tinytens
 .rodata        0x0000e3e4       0x14 c:/altera/12.1/nios2eds/bin/gnu/h-i686-mingw32/bin/../lib/gcc/nios2-elf/4.1.2/mno-hw-mul\libgcc.a(_thenan_df.o)
                0x0000e3e4                __thenan_df
 .rodata        0x0000e3f8      0x100 c:/altera/12.1/nios2eds/bin/gnu/h-i686-mingw32/bin/../lib/gcc/nios2-elf/4.1.2/mno-hw-mul\libgcc.a(_clz.o)
                0x0000e3f8                __clz_tab
 .rodata        0x0000e4f8        0xc C:/work/fpga/nios2_camera_sdram_lcd/prj_eclipse/nios2_camera_sdram_lcd_bsp/\libhal_bsp.a(alt_dev.o)
 .rodata        0x0000e504       0x10 C:/work/fpga/nios2_camera_sdram_lcd/prj_eclipse/nios2_camera_sdram_lcd_bsp/\libhal_bsp.a(alt_main.o)
 .rodata        0x0000e514       0x10 C:/work/fpga/nios2_camera_sdram_lcd/prj_eclipse/nios2_camera_sdram_lcd_bsp/\libhal_bsp.a(alt_sys_init.o)
 *(.rodata1)
                0x0000e524                . = ALIGN (0x4)
                0x0000e524                PROVIDE (__ram_rodata_end, ABSOLUTE (.))
                0x0000e074                PROVIDE (__flash_rodata_start, LOADADDR (.rodata))

.rwdata         0x0000e524     0x1a64 load address 0x0000ff88
                0x0000e524                PROVIDE (__ram_rwdata_start, ABSOLUTE (.))
                0x0000e524                . = ALIGN (0x4)
 *(.got.plt)
 *(.got)
 *(.data1)
 *(.data .data.* .gnu.linkonce.d.*)
 .data          0x0000e524        0x0 C:/work/fpga/nios2_camera_sdram_lcd/prj_eclipse/nios2_camera_sdram_lcd_bsp//obj/HAL/src/crt0.o
 .data          0x0000e524        0x0 obj/default/avalon_isp_algo_2a.o
 .data          0x0000e524        0x0 obj/default/hello_world.o
 .data          0x0000e524        0x0 obj/default/ov5640_drv.o
 .data          0x0000e524        0x0 c:/altera/12.1/nios2eds/bin/gnu/h-i686-mingw32/bin/../lib/gcc/nios2-elf/4.1.2/mno-hw-mul\libgcc.a(lib2-divmod.o)
 .data          0x0000e524        0x0 c:/altera/12.1/nios2eds/bin/gnu/h-i686-mingw32/bin/../lib/gcc/nios2-elf/4.1.2/mno-hw-mul\libgcc.a(lib2-mul.o)
 .data          0x0000e524        0x0 c:/altera/12.1/nios2eds/bin/gnu/h-i686-mingw32/bin/../lib/gcc/nios2-elf/4.1.2/../../../../nios2-elf/lib/mno-hw-mul\libc.a(lib_a-printf.o)
 .data          0x0000e524        0x0 c:/altera/12.1/nios2eds/bin/gnu/h-i686-mingw32/bin/../lib/gcc/nios2-elf/4.1.2/../../../../nios2-elf/lib/mno-hw-mul\libc.a(lib_a-puts.o)
 .data          0x0000e524        0x0 c:/altera/12.1/nios2eds/bin/gnu/h-i686-mingw32/bin/../lib/gcc/nios2-elf/4.1.2/../../../../nios2-elf/lib/mno-hw-mul\libc.a(lib_a-strlen.o)
 .data          0x0000e524        0x0 c:/altera/12.1/nios2eds/bin/gnu/h-i686-mingw32/bin/../lib/gcc/nios2-elf/4.1.2/../../../../nios2-elf/lib/mno-hw-mul\libc.a(lib_a-vfprintf.o)
 .data          0x0000e524        0x0 c:/altera/12.1/nios2eds/bin/gnu/h-i686-mingw32/bin/../lib/gcc/nios2-elf/4.1.2/../../../../nios2-elf/lib/mno-hw-mul\libc.a(lib_a-wsetup.o)
 .data          0x0000e524        0x0 c:/altera/12.1/nios2eds/bin/gnu/h-i686-mingw32/bin/../lib/gcc/nios2-elf/4.1.2/../../../../nios2-elf/lib/mno-hw-mul\libc.a(lib_a-dtoa.o)
 .data          0x0000e524        0x0 c:/altera/12.1/nios2eds/bin/gnu/h-i686-mingw32/bin/../lib/gcc/nios2-elf/4.1.2/../../../../nios2-elf/lib/mno-hw-mul\libc.a(lib_a-fflush.o)
 .data          0x0000e524        0x0 c:/altera/12.1/nios2eds/bin/gnu/h-i686-mingw32/bin/../lib/gcc/nios2-elf/4.1.2/../../../../nios2-elf/lib/mno-hw-mul\libc.a(lib_a-findfp.o)
 .data          0x0000e524        0x0 c:/altera/12.1/nios2eds/bin/gnu/h-i686-mingw32/bin/../lib/gcc/nios2-elf/4.1.2/../../../../nios2-elf/lib/mno-hw-mul\libc.a(lib_a-freer.o)
 .data          0x0000e524        0x0 c:/altera/12.1/nios2eds/bin/gnu/h-i686-mingw32/bin/../lib/gcc/nios2-elf/4.1.2/../../../../nios2-elf/lib/mno-hw-mul\libc.a(lib_a-fvwrite.o)
 .data          0x0000e524        0x0 c:/altera/12.1/nios2eds/bin/gnu/h-i686-mingw32/bin/../lib/gcc/nios2-elf/4.1.2/../../../../nios2-elf/lib/mno-hw-mul\libc.a(lib_a-fwalk.o)
 .data          0x0000e524      0x400 c:/altera/12.1/nios2eds/bin/gnu/h-i686-mingw32/bin/../lib/gcc/nios2-elf/4.1.2/../../../../nios2-elf/lib/mno-hw-mul\libc.a(lib_a-impure.o)
 .data          0x0000e924        0xc c:/altera/12.1/nios2eds/bin/gnu/h-i686-mingw32/bin/../lib/gcc/nios2-elf/4.1.2/../../../../nios2-elf/lib/mno-hw-mul\libc.a(lib_a-locale.o)
                0x0000e924                __lc_ctype
 .data          0x0000e930        0x0 c:/altera/12.1/nios2eds/bin/gnu/h-i686-mingw32/bin/../lib/gcc/nios2-elf/4.1.2/../../../../nios2-elf/lib/mno-hw-mul\libc.a(lib_a-makebuf.o)
 .data          0x0000e930      0x408 c:/altera/12.1/nios2eds/bin/gnu/h-i686-mingw32/bin/../lib/gcc/nios2-elf/4.1.2/../../../../nios2-elf/lib/mno-hw-mul\libc.a(lib_a-mallocr.o)
                0x0000e930                __malloc_av_
 .data          0x0000ed38        0x0 c:/altera/12.1/nios2eds/bin/gnu/h-i686-mingw32/bin/../lib/gcc/nios2-elf/4.1.2/../../../../nios2-elf/lib/mno-hw-mul\libc.a(lib_a-memchr.o)
 .data          0x0000ed38        0x0 c:/altera/12.1/nios2eds/bin/gnu/h-i686-mingw32/bin/../lib/gcc/nios2-elf/4.1.2/../../../../nios2-elf/lib/mno-hw-mul\libc.a(lib_a-memcpy.o)
 .data          0x0000ed38        0x0 c:/altera/12.1/nios2eds/bin/gnu/h-i686-mingw32/bin/../lib/gcc/nios2-elf/4.1.2/../../../../nios2-elf/lib/mno-hw-mul\libc.a(lib_a-memmove.o)
 .data          0x0000ed38        0x0 c:/altera/12.1/nios2eds/bin/gnu/h-i686-mingw32/bin/../lib/gcc/nios2-elf/4.1.2/../../../../nios2-elf/lib/mno-hw-mul\libc.a(lib_a-memset.o)
 .data          0x0000ed38        0x0 c:/altera/12.1/nios2eds/bin/gnu/h-i686-mingw32/bin/../lib/gcc/nios2-elf/4.1.2/../../../../nios2-elf/lib/mno-hw-mul\libc.a(lib_a-mprec.o)
 .data          0x0000ed38        0x0 c:/altera/12.1/nios2eds/bin/gnu/h-i686-mingw32/bin/../lib/gcc/nios2-elf/4.1.2/../../../../nios2-elf/lib/mno-hw-mul\libc.a(lib_a-reallocr.o)
 .data          0x0000ed38        0x0 c:/altera/12.1/nios2eds/bin/gnu/h-i686-mingw32/bin/../lib/gcc/nios2-elf/4.1.2/../../../../nios2-elf/lib/mno-hw-mul\libc.a(lib_a-s_isinfd.o)
 .data          0x0000ed38        0x0 c:/altera/12.1/nios2eds/bin/gnu/h-i686-mingw32/bin/../lib/gcc/nios2-elf/4.1.2/../../../../nios2-elf/lib/mno-hw-mul\libc.a(lib_a-s_isnand.o)
 .data          0x0000ed38        0x0 c:/altera/12.1/nios2eds/bin/gnu/h-i686-mingw32/bin/../lib/gcc/nios2-elf/4.1.2/../../../../nios2-elf/lib/mno-hw-mul\libc.a(lib_a-sbrkr.o)
 .data          0x0000ed38        0x0 c:/altera/12.1/nios2eds/bin/gnu/h-i686-mingw32/bin/../lib/gcc/nios2-elf/4.1.2/../../../../nios2-elf/lib/mno-hw-mul\libc.a(lib_a-stdio.o)
 .data          0x0000ed38        0x0 c:/altera/12.1/nios2eds/bin/gnu/h-i686-mingw32/bin/../lib/gcc/nios2-elf/4.1.2/../../../../nios2-elf/lib/mno-hw-mul\libc.a(lib_a-strcmp.o)
 .data          0x0000ed38        0x0 c:/altera/12.1/nios2eds/bin/gnu/h-i686-mingw32/bin/../lib/gcc/nios2-elf/4.1.2/../../../../nios2-elf/lib/mno-hw-mul\libc.a(lib_a-writer.o)
 .data          0x0000ed38        0x0 c:/altera/12.1/nios2eds/bin/gnu/h-i686-mingw32/bin/../lib/gcc/nios2-elf/4.1.2/../../../../nios2-elf/lib/mno-hw-mul\libc.a(lib_a-callocr.o)
 .data          0x0000ed38        0x0 c:/altera/12.1/nios2eds/bin/gnu/h-i686-mingw32/bin/../lib/gcc/nios2-elf/4.1.2/../../../../nios2-elf/lib/mno-hw-mul\libc.a(lib_a-closer.o)
 .data          0x0000ed38        0x0 c:/altera/12.1/nios2eds/bin/gnu/h-i686-mingw32/bin/../lib/gcc/nios2-elf/4.1.2/../../../../nios2-elf/lib/mno-hw-mul\libc.a(lib_a-fclose.o)
 .data          0x0000ed38        0x0 c:/altera/12.1/nios2eds/bin/gnu/h-i686-mingw32/bin/../lib/gcc/nios2-elf/4.1.2/../../../../nios2-elf/lib/mno-hw-mul\libc.a(lib_a-fstatr.o)
 .data          0x0000ed38        0x0 c:/altera/12.1/nios2eds/bin/gnu/h-i686-mingw32/bin/../lib/gcc/nios2-elf/4.1.2/../../../../nios2-elf/lib/mno-hw-mul\libc.a(lib_a-int_errno.o)
 .data          0x0000ed38        0x0 c:/altera/12.1/nios2eds/bin/gnu/h-i686-mingw32/bin/../lib/gcc/nios2-elf/4.1.2/../../../../nios2-elf/lib/mno-hw-mul\libc.a(lib_a-isattyr.o)
 .data          0x0000ed38        0x0 c:/altera/12.1/nios2eds/bin/gnu/h-i686-mingw32/bin/../lib/gcc/nios2-elf/4.1.2/../../../../nios2-elf/lib/mno-hw-mul\libc.a(lib_a-lseekr.o)
 .data          0x0000ed38        0x0 c:/altera/12.1/nios2eds/bin/gnu/h-i686-mingw32/bin/../lib/gcc/nios2-elf/4.1.2/../../../../nios2-elf/lib/mno-hw-mul\libc.a(lib_a-readr.o)
 .data          0x0000ed38        0x0 c:/altera/12.1/nios2eds/bin/gnu/h-i686-mingw32/bin/../lib/gcc/nios2-elf/4.1.2/mno-hw-mul\libgcc.a(_udivdi3.o)
 .data          0x0000ed38        0x0 c:/altera/12.1/nios2eds/bin/gnu/h-i686-mingw32/bin/../lib/gcc/nios2-elf/4.1.2/mno-hw-mul\libgcc.a(_umoddi3.o)
 .data          0x0000ed38        0x0 c:/altera/12.1/nios2eds/bin/gnu/h-i686-mingw32/bin/../lib/gcc/nios2-elf/4.1.2/mno-hw-mul\libgcc.a(_addsub_df.o)
 .data          0x0000ed38        0x0 c:/altera/12.1/nios2eds/bin/gnu/h-i686-mingw32/bin/../lib/gcc/nios2-elf/4.1.2/mno-hw-mul\libgcc.a(_mul_df.o)
 .data          0x0000ed38        0x0 c:/altera/12.1/nios2eds/bin/gnu/h-i686-mingw32/bin/../lib/gcc/nios2-elf/4.1.2/mno-hw-mul\libgcc.a(_div_df.o)
 .data          0x0000ed38        0x0 c:/altera/12.1/nios2eds/bin/gnu/h-i686-mingw32/bin/../lib/gcc/nios2-elf/4.1.2/mno-hw-mul\libgcc.a(_eq_df.o)
 .data          0x0000ed38        0x0 c:/altera/12.1/nios2eds/bin/gnu/h-i686-mingw32/bin/../lib/gcc/nios2-elf/4.1.2/mno-hw-mul\libgcc.a(_ne_df.o)
 .data          0x0000ed38        0x0 c:/altera/12.1/nios2eds/bin/gnu/h-i686-mingw32/bin/../lib/gcc/nios2-elf/4.1.2/mno-hw-mul\libgcc.a(_gt_df.o)
 .data          0x0000ed38        0x0 c:/altera/12.1/nios2eds/bin/gnu/h-i686-mingw32/bin/../lib/gcc/nios2-elf/4.1.2/mno-hw-mul\libgcc.a(_ge_df.o)
 .data          0x0000ed38        0x0 c:/altera/12.1/nios2eds/bin/gnu/h-i686-mingw32/bin/../lib/gcc/nios2-elf/4.1.2/mno-hw-mul\libgcc.a(_lt_df.o)
 .data          0x0000ed38        0x0 c:/altera/12.1/nios2eds/bin/gnu/h-i686-mingw32/bin/../lib/gcc/nios2-elf/4.1.2/mno-hw-mul\libgcc.a(_si_to_df.o)
 .data          0x0000ed38        0x0 c:/altera/12.1/nios2eds/bin/gnu/h-i686-mingw32/bin/../lib/gcc/nios2-elf/4.1.2/mno-hw-mul\libgcc.a(_df_to_si.o)
 .data          0x0000ed38        0x0 c:/altera/12.1/nios2eds/bin/gnu/h-i686-mingw32/bin/../lib/gcc/nios2-elf/4.1.2/mno-hw-mul\libgcc.a(_thenan_df.o)
 .data          0x0000ed38        0x0 c:/altera/12.1/nios2eds/bin/gnu/h-i686-mingw32/bin/../lib/gcc/nios2-elf/4.1.2/mno-hw-mul\libgcc.a(_usi_to_df.o)
 .data          0x0000ed38        0x0 c:/altera/12.1/nios2eds/bin/gnu/h-i686-mingw32/bin/../lib/gcc/nios2-elf/4.1.2/mno-hw-mul\libgcc.a(_muldi3.o)
 .data          0x0000ed38        0x0 c:/altera/12.1/nios2eds/bin/gnu/h-i686-mingw32/bin/../lib/gcc/nios2-elf/4.1.2/mno-hw-mul\libgcc.a(_clz.o)
 .data          0x0000ed38        0x0 c:/altera/12.1/nios2eds/bin/gnu/h-i686-mingw32/bin/../lib/gcc/nios2-elf/4.1.2/mno-hw-mul\libgcc.a(_clzsi2.o)
 .data          0x0000ed38        0x0 c:/altera/12.1/nios2eds/bin/gnu/h-i686-mingw32/bin/../lib/gcc/nios2-elf/4.1.2/mno-hw-mul\libgcc.a(_pack_df.o)
 .data          0x0000ed38        0x0 c:/altera/12.1/nios2eds/bin/gnu/h-i686-mingw32/bin/../lib/gcc/nios2-elf/4.1.2/mno-hw-mul\libgcc.a(_unpack_df.o)
 .data          0x0000ed38        0x0 c:/altera/12.1/nios2eds/bin/gnu/h-i686-mingw32/bin/../lib/gcc/nios2-elf/4.1.2/mno-hw-mul\libgcc.a(_fpcmp_parts_df.o)
 .data          0x0000ed38        0x0 C:/work/fpga/nios2_camera_sdram_lcd/prj_eclipse/nios2_camera_sdram_lcd_bsp/\libhal_bsp.a(alt_close.o)
 .data          0x0000ed38      0x1a8 C:/work/fpga/nios2_camera_sdram_lcd/prj_eclipse/nios2_camera_sdram_lcd_bsp/\libhal_bsp.a(alt_dev.o)
                0x0000ed38                alt_dev_null
                0x0000ed60                alt_fd_list
 .data          0x0000eee0        0x0 C:/work/fpga/nios2_camera_sdram_lcd/prj_eclipse/nios2_camera_sdram_lcd_bsp/\libhal_bsp.a(alt_errno.o)
 .data          0x0000eee0        0x0 C:/work/fpga/nios2_camera_sdram_lcd/prj_eclipse/nios2_camera_sdram_lcd_bsp/\libhal_bsp.a(alt_fstat.o)
 .data          0x0000eee0        0x0 C:/work/fpga/nios2_camera_sdram_lcd/prj_eclipse/nios2_camera_sdram_lcd_bsp/\libhal_bsp.a(alt_iic.o)
 .data          0x0000eee0        0x0 C:/work/fpga/nios2_camera_sdram_lcd/prj_eclipse/nios2_camera_sdram_lcd_bsp/\libhal_bsp.a(alt_iic_isr_register.o)
 .data          0x0000eee0        0x0 C:/work/fpga/nios2_camera_sdram_lcd/prj_eclipse/nios2_camera_sdram_lcd_bsp/\libhal_bsp.a(alt_irq_entry.o)
 .data          0x0000eee0        0x0 C:/work/fpga/nios2_camera_sdram_lcd/prj_eclipse/nios2_camera_sdram_lcd_bsp/\libhal_bsp.a(alt_irq_handler.o)
 .data          0x0000eee0        0x0 C:/work/fpga/nios2_camera_sdram_lcd/prj_eclipse/nios2_camera_sdram_lcd_bsp/\libhal_bsp.a(alt_irq_vars.o)
 .data          0x0000eee0        0x0 C:/work/fpga/nios2_camera_sdram_lcd/prj_eclipse/nios2_camera_sdram_lcd_bsp/\libhal_bsp.a(alt_isatty.o)
 .data          0x0000eee0        0x0 C:/work/fpga/nios2_camera_sdram_lcd/prj_eclipse/nios2_camera_sdram_lcd_bsp/\libhal_bsp.a(alt_load.o)
 .data          0x0000eee0        0x0 C:/work/fpga/nios2_camera_sdram_lcd/prj_eclipse/nios2_camera_sdram_lcd_bsp/\libhal_bsp.a(alt_lseek.o)
 .data          0x0000eee0        0x0 C:/work/fpga/nios2_camera_sdram_lcd/prj_eclipse/nios2_camera_sdram_lcd_bsp/\libhal_bsp.a(alt_main.o)
 .data          0x0000eee0        0x0 C:/work/fpga/nios2_camera_sdram_lcd/prj_eclipse/nios2_camera_sdram_lcd_bsp/\libhal_bsp.a(alt_malloc_lock.o)
 .data          0x0000eee0        0x0 C:/work/fpga/nios2_camera_sdram_lcd/prj_eclipse/nios2_camera_sdram_lcd_bsp/\libhal_bsp.a(alt_read.o)
 .data          0x0000eee0        0x0 C:/work/fpga/nios2_camera_sdram_lcd/prj_eclipse/nios2_camera_sdram_lcd_bsp/\libhal_bsp.a(alt_release_fd.o)
 .data          0x0000eee0        0x0 C:/work/fpga/nios2_camera_sdram_lcd/prj_eclipse/nios2_camera_sdram_lcd_bsp/\libhal_bsp.a(alt_sbrk.o)
 .data          0x0000eee0        0x0 C:/work/fpga/nios2_camera_sdram_lcd/prj_eclipse/nios2_camera_sdram_lcd_bsp/\libhal_bsp.a(alt_usleep.o)
 .data          0x0000eee0        0x0 C:/work/fpga/nios2_camera_sdram_lcd/prj_eclipse/nios2_camera_sdram_lcd_bsp/\libhal_bsp.a(alt_write.o)
 .data          0x0000eee0     0x1060 C:/work/fpga/nios2_camera_sdram_lcd/prj_eclipse/nios2_camera_sdram_lcd_bsp/\libhal_bsp.a(alt_sys_init.o)
 .data          0x0000ff40        0x0 C:/work/fpga/nios2_camera_sdram_lcd/prj_eclipse/nios2_camera_sdram_lcd_bsp/\libhal_bsp.a(altera_avalon_jtag_uart_fd.o)
 .data          0x0000ff40        0x0 C:/work/fpga/nios2_camera_sdram_lcd/prj_eclipse/nios2_camera_sdram_lcd_bsp/\libhal_bsp.a(altera_avalon_jtag_uart_init.o)
 .data          0x0000ff40        0x0 C:/work/fpga/nios2_camera_sdram_lcd/prj_eclipse/nios2_camera_sdram_lcd_bsp/\libhal_bsp.a(altera_avalon_jtag_uart_ioctl.o)
 .data          0x0000ff40        0x0 C:/work/fpga/nios2_camera_sdram_lcd/prj_eclipse/nios2_camera_sdram_lcd_bsp/\libhal_bsp.a(altera_avalon_jtag_uart_read.o)
 .data          0x0000ff40        0x0 C:/work/fpga/nios2_camera_sdram_lcd/prj_eclipse/nios2_camera_sdram_lcd_bsp/\libhal_bsp.a(altera_avalon_jtag_uart_write.o)
 .data          0x0000ff40        0x0 C:/work/fpga/nios2_camera_sdram_lcd/prj_eclipse/nios2_camera_sdram_lcd_bsp/\libhal_bsp.a(alt_alarm_start.o)
 .data          0x0000ff40        0x0 C:/work/fpga/nios2_camera_sdram_lcd/prj_eclipse/nios2_camera_sdram_lcd_bsp/\libhal_bsp.a(alt_busy_sleep.o)
 .data          0x0000ff40        0x0 C:/work/fpga/nios2_camera_sdram_lcd/prj_eclipse/nios2_camera_sdram_lcd_bsp/\libhal_bsp.a(alt_dcache_flush_all.o)
 .data          0x0000ff40        0x0 C:/work/fpga/nios2_camera_sdram_lcd/prj_eclipse/nios2_camera_sdram_lcd_bsp/\libhal_bsp.a(alt_dev_llist_insert.o)
 .data          0x0000ff40        0x0 C:/work/fpga/nios2_camera_sdram_lcd/prj_eclipse/nios2_camera_sdram_lcd_bsp/\libhal_bsp.a(alt_do_ctors.o)
 .data          0x0000ff40        0x0 C:/work/fpga/nios2_camera_sdram_lcd/prj_eclipse/nios2_camera_sdram_lcd_bsp/\libhal_bsp.a(alt_do_dtors.o)
 .data          0x0000ff40        0x0 C:/work/fpga/nios2_camera_sdram_lcd/prj_eclipse/nios2_camera_sdram_lcd_bsp/\libhal_bsp.a(alt_exception_entry.o)
 .data          0x0000ff40        0x0 C:/work/fpga/nios2_camera_sdram_lcd/prj_eclipse/nios2_camera_sdram_lcd_bsp/\libhal_bsp.a(alt_icache_flush_all.o)
 .data          0x0000ff40        0x0 C:/work/fpga/nios2_camera_sdram_lcd/prj_eclipse/nios2_camera_sdram_lcd_bsp/\libhal_bsp.a(alt_io_redirect.o)
 .data          0x0000ff40        0x0 C:/work/fpga/nios2_camera_sdram_lcd/prj_eclipse/nios2_camera_sdram_lcd_bsp/\libhal_bsp.a(alt_open.o)
 .data          0x0000ff40        0x0 C:/work/fpga/nios2_camera_sdram_lcd/prj_eclipse/nios2_camera_sdram_lcd_bsp/\libhal_bsp.a(alt_tick.o)
 .data          0x0000ff40        0x0 C:/work/fpga/nios2_camera_sdram_lcd/prj_eclipse/nios2_camera_sdram_lcd_bsp/\libhal_bsp.a(altera_nios2_qsys_irq.o)
 .data          0x0000ff40        0x0 C:/work/fpga/nios2_camera_sdram_lcd/prj_eclipse/nios2_camera_sdram_lcd_bsp/\libhal_bsp.a(alt_find_dev.o)
 .data          0x0000ff40        0x0 C:/work/fpga/nios2_camera_sdram_lcd/prj_eclipse/nios2_camera_sdram_lcd_bsp/\libhal_bsp.a(alt_find_file.o)
 .data          0x0000ff40        0x0 C:/work/fpga/nios2_camera_sdram_lcd/prj_eclipse/nios2_camera_sdram_lcd_bsp/\libhal_bsp.a(alt_get_fd.o)
 .data          0x0000ff40        0x0 c:/altera/12.1/nios2eds/bin/gnu/h-i686-mingw32/bin/../lib/gcc/nios2-elf/4.1.2/../../../../nios2-elf/lib/mno-hw-mul\libc.a(lib_a-atexit.o)
 .data          0x0000ff40        0x0 c:/altera/12.1/nios2eds/bin/gnu/h-i686-mingw32/bin/../lib/gcc/nios2-elf/4.1.2/../../../../nios2-elf/lib/mno-hw-mul\libc.a(lib_a-exit.o)
 .data          0x0000ff40        0x0 c:/altera/12.1/nios2eds/bin/gnu/h-i686-mingw32/bin/../lib/gcc/nios2-elf/4.1.2/../../../../nios2-elf/lib/mno-hw-mul\libc.a(lib_a-memcmp.o)
 .data          0x0000ff40        0x0 c:/altera/12.1/nios2eds/bin/gnu/h-i686-mingw32/bin/../lib/gcc/nios2-elf/4.1.2/../../../../nios2-elf/lib/mno-hw-mul\libc.a(lib_a-__atexit.o)
 .data          0x0000ff40        0x0 c:/altera/12.1/nios2eds/bin/gnu/h-i686-mingw32/bin/../lib/gcc/nios2-elf/4.1.2/../../../../nios2-elf/lib/mno-hw-mul\libc.a(lib_a-__call_atexit.o)
 .data          0x0000ff40        0x0 C:/work/fpga/nios2_camera_sdram_lcd/prj_eclipse/nios2_camera_sdram_lcd_bsp/\libhal_bsp.a(alt_exit.o)
                0x00017f40                _gp = ABSOLUTE ((. + 0x8000))
                0x00017f40                PROVIDE (gp, _gp)
 *(.rwdata .rwdata.*)
 *(.sdata .sdata.* .gnu.linkonce.s.*)
 .sdata         0x0000ff40        0x8 obj/default/avalon_isp_algo_2a.o
 .sdata         0x0000ff48        0x8 c:/altera/12.1/nios2eds/bin/gnu/h-i686-mingw32/bin/../lib/gcc/nios2-elf/4.1.2/../../../../nios2-elf/lib/mno-hw-mul\libc.a(lib_a-impure.o)
                0x0000ff48                _impure_ptr
                0x0000ff4c                _global_impure_ptr
 .sdata         0x0000ff50        0x8 c:/altera/12.1/nios2eds/bin/gnu/h-i686-mingw32/bin/../lib/gcc/nios2-elf/4.1.2/../../../../nios2-elf/lib/mno-hw-mul\libc.a(lib_a-locale.o)
                0x0000ff50                __mb_cur_max
 .sdata         0x0000ff58        0x8 c:/altera/12.1/nios2eds/bin/gnu/h-i686-mingw32/bin/../lib/gcc/nios2-elf/4.1.2/../../../../nios2-elf/lib/mno-hw-mul\libc.a(lib_a-mallocr.o)
                0x0000ff58                __malloc_trim_threshold
                0x0000ff5c                __malloc_sbrk_base
 .sdata         0x0000ff60       0x14 C:/work/fpga/nios2_camera_sdram_lcd/prj_eclipse/nios2_camera_sdram_lcd_bsp/\libhal_bsp.a(alt_dev.o)
                0x0000ff60                alt_fs_list
                0x0000ff68                alt_dev_list
                0x0000ff70                alt_max_fd
 .sdata         0x0000ff74        0x4 C:/work/fpga/nios2_camera_sdram_lcd/prj_eclipse/nios2_camera_sdram_lcd_bsp/\libhal_bsp.a(alt_errno.o)
                0x0000ff74                alt_errno
 .sdata         0x0000ff78        0x4 C:/work/fpga/nios2_camera_sdram_lcd/prj_eclipse/nios2_camera_sdram_lcd_bsp/\libhal_bsp.a(alt_irq_vars.o)
                0x0000ff78                alt_priority_mask
 .sdata         0x0000ff7c        0x4 C:/work/fpga/nios2_camera_sdram_lcd/prj_eclipse/nios2_camera_sdram_lcd_bsp/\libhal_bsp.a(alt_sbrk.o)
 .sdata         0x0000ff80        0x8 C:/work/fpga/nios2_camera_sdram_lcd/prj_eclipse/nios2_camera_sdram_lcd_bsp/\libhal_bsp.a(alt_tick.o)
                0x0000ff80                alt_alarm_list
 *(.sdata2 .sdata2.* .gnu.linkonce.s2.*)
                0x0000ff88                . = ALIGN (0x4)
                0x0000ff88                _edata = ABSOLUTE (.)
                0x0000ff88                PROVIDE (edata, ABSOLUTE (.))
                0x0000ff88                PROVIDE (__ram_rwdata_end, ABSOLUTE (.))
                0x0000ff88                PROVIDE (__flash_rwdata_start, LOADADDR (.rwdata))

.bss            0x000119ec    0x7faf8
                0x000119ec                __bss_start = ABSOLUTE (.)
                0x000119ec                PROVIDE (__sbss_start, ABSOLUTE (.))
                0x000119ec                PROVIDE (___sbss_start, ABSOLUTE (.))
 *(.dynsbss)
 *(.sbss .sbss.* .gnu.linkonce.sb.*)
 .sbss          0x000119ec        0xc obj/default/hello_world.o
 .sbss          0x000119f8        0xc c:/altera/12.1/nios2eds/bin/gnu/h-i686-mingw32/bin/../lib/gcc/nios2-elf/4.1.2/../../../../nios2-elf/lib/mno-hw-mul\libc.a(lib_a-locale.o)
                0x000119f8                __nlocale_changed
                0x000119fc                __mlocale_changed
                0x00011a00                _PathLocale
 .sbss          0x00011a04        0xc c:/altera/12.1/nios2eds/bin/gnu/h-i686-mingw32/bin/../lib/gcc/nios2-elf/4.1.2/../../../../nios2-elf/lib/mno-hw-mul\libc.a(lib_a-mallocr.o)
                0x00011a04                __malloc_top_pad
                0x00011a08                __malloc_max_sbrked_mem
                0x00011a0c                __malloc_max_total_mem
 .sbss          0x00011a10        0x4 c:/altera/12.1/nios2eds/bin/gnu/h-i686-mingw32/bin/../lib/gcc/nios2-elf/4.1.2/../../../../nios2-elf/lib/mno-hw-mul\libc.a(lib_a-int_errno.o)
                0x00011a10                errno
 .sbss          0x00011a14        0x4 C:/work/fpga/nios2_camera_sdram_lcd/prj_eclipse/nios2_camera_sdram_lcd_bsp/\libhal_bsp.a(alt_irq_vars.o)
                0x00011a14                alt_irq_active
 .sbss          0x00011a18        0xc C:/work/fpga/nios2_camera_sdram_lcd/prj_eclipse/nios2_camera_sdram_lcd_bsp/\libhal_bsp.a(alt_main.o)
                0x00011a18                alt_argc
                0x00011a1c                alt_argv
                0x00011a20                alt_envp
 .sbss          0x00011a24        0x8 C:/work/fpga/nios2_camera_sdram_lcd/prj_eclipse/nios2_camera_sdram_lcd_bsp/\libhal_bsp.a(alt_tick.o)
                0x00011a24                _alt_tick_rate
                0x00011a28                _alt_nticks
 *(.sbss2 .sbss2.* .gnu.linkonce.sb2.*)
 *(.scommon)
                0x00011a2c                PROVIDE (__sbss_end, ABSOLUTE (.))
                0x00011a2c                PROVIDE (___sbss_end, ABSOLUTE (.))
 *(.dynbss)
 *(.bss .bss.* .gnu.linkonce.b.*)
 .bss           0x00011a2c        0x0 C:/work/fpga/nios2_camera_sdram_lcd/prj_eclipse/nios2_camera_sdram_lcd_bsp//obj/HAL/src/crt0.o
 .bss           0x00011a2c        0x0 obj/default/avalon_isp_algo_2a.o
 .bss           0x00011a2c    0x7f800 obj/default/hello_world.o
 .bss           0x0009122c        0x0 obj/default/ov5640_drv.o
 .bss           0x0009122c        0x0 c:/altera/12.1/nios2eds/bin/gnu/h-i686-mingw32/bin/../lib/gcc/nios2-elf/4.1.2/mno-hw-mul\libgcc.a(lib2-divmod.o)
 .bss           0x0009122c        0x0 c:/altera/12.1/nios2eds/bin/gnu/h-i686-mingw32/bin/../lib/gcc/nios2-elf/4.1.2/mno-hw-mul\libgcc.a(lib2-mul.o)
 .bss           0x0009122c        0x0 c:/altera/12.1/nios2eds/bin/gnu/h-i686-mingw32/bin/../lib/gcc/nios2-elf/4.1.2/../../../../nios2-elf/lib/mno-hw-mul\libc.a(lib_a-printf.o)
 .bss           0x0009122c        0x0 c:/altera/12.1/nios2eds/bin/gnu/h-i686-mingw32/bin/../lib/gcc/nios2-elf/4.1.2/../../../../nios2-elf/lib/mno-hw-mul\libc.a(lib_a-puts.o)
 .bss           0x0009122c        0x0 c:/altera/12.1/nios2eds/bin/gnu/h-i686-mingw32/bin/../lib/gcc/nios2-elf/4.1.2/../../../../nios2-elf/lib/mno-hw-mul\libc.a(lib_a-strlen.o)
 .bss           0x0009122c        0x0 c:/altera/12.1/nios2eds/bin/gnu/h-i686-mingw32/bin/../lib/gcc/nios2-elf/4.1.2/../../../../nios2-elf/lib/mno-hw-mul\libc.a(lib_a-vfprintf.o)
 .bss           0x0009122c        0x0 c:/altera/12.1/nios2eds/bin/gnu/h-i686-mingw32/bin/../lib/gcc/nios2-elf/4.1.2/../../../../nios2-elf/lib/mno-hw-mul\libc.a(lib_a-wsetup.o)
 .bss           0x0009122c        0x0 c:/altera/12.1/nios2eds/bin/gnu/h-i686-mingw32/bin/../lib/gcc/nios2-elf/4.1.2/../../../../nios2-elf/lib/mno-hw-mul\libc.a(lib_a-dtoa.o)
 .bss           0x0009122c        0x0 c:/altera/12.1/nios2eds/bin/gnu/h-i686-mingw32/bin/../lib/gcc/nios2-elf/4.1.2/../../../../nios2-elf/lib/mno-hw-mul\libc.a(lib_a-fflush.o)
 .bss           0x0009122c        0x0 c:/altera/12.1/nios2eds/bin/gnu/h-i686-mingw32/bin/../lib/gcc/nios2-elf/4.1.2/../../../../nios2-elf/lib/mno-hw-mul\libc.a(lib_a-findfp.o)
 .bss           0x0009122c        0x0 c:/altera/12.1/nios2eds/bin/gnu/h-i686-mingw32/bin/../lib/gcc/nios2-elf/4.1.2/../../../../nios2-elf/lib/mno-hw-mul\libc.a(lib_a-freer.o)
 .bss           0x0009122c        0x0 c:/altera/12.1/nios2eds/bin/gnu/h-i686-mingw32/bin/../lib/gcc/nios2-elf/4.1.2/../../../../nios2-elf/lib/mno-hw-mul\libc.a(lib_a-fvwrite.o)
 .bss           0x0009122c        0x0 c:/altera/12.1/nios2eds/bin/gnu/h-i686-mingw32/bin/../lib/gcc/nios2-elf/4.1.2/../../../../nios2-elf/lib/mno-hw-mul\libc.a(lib_a-fwalk.o)
 .bss           0x0009122c        0x0 c:/altera/12.1/nios2eds/bin/gnu/h-i686-mingw32/bin/../lib/gcc/nios2-elf/4.1.2/../../../../nios2-elf/lib/mno-hw-mul\libc.a(lib_a-impure.o)
 .bss           0x0009122c        0x0 c:/altera/12.1/nios2eds/bin/gnu/h-i686-mingw32/bin/../lib/gcc/nios2-elf/4.1.2/../../../../nios2-elf/lib/mno-hw-mul\libc.a(lib_a-locale.o)
 .bss           0x0009122c        0x0 c:/altera/12.1/nios2eds/bin/gnu/h-i686-mingw32/bin/../lib/gcc/nios2-elf/4.1.2/../../../../nios2-elf/lib/mno-hw-mul\libc.a(lib_a-makebuf.o)
 .bss           0x0009122c       0x28 c:/altera/12.1/nios2eds/bin/gnu/h-i686-mingw32/bin/../lib/gcc/nios2-elf/4.1.2/../../../../nios2-elf/lib/mno-hw-mul\libc.a(lib_a-mallocr.o)
                0x0009122c                __malloc_current_mallinfo
 .bss           0x00091254        0x0 c:/altera/12.1/nios2eds/bin/gnu/h-i686-mingw32/bin/../lib/gcc/nios2-elf/4.1.2/../../../../nios2-elf/lib/mno-hw-mul\libc.a(lib_a-memchr.o)
 .bss           0x00091254        0x0 c:/altera/12.1/nios2eds/bin/gnu/h-i686-mingw32/bin/../lib/gcc/nios2-elf/4.1.2/../../../../nios2-elf/lib/mno-hw-mul\libc.a(lib_a-memcpy.o)
 .bss           0x00091254        0x0 c:/altera/12.1/nios2eds/bin/gnu/h-i686-mingw32/bin/../lib/gcc/nios2-elf/4.1.2/../../../../nios2-elf/lib/mno-hw-mul\libc.a(lib_a-memmove.o)
 .bss           0x00091254        0x0 c:/altera/12.1/nios2eds/bin/gnu/h-i686-mingw32/bin/../lib/gcc/nios2-elf/4.1.2/../../../../nios2-elf/lib/mno-hw-mul\libc.a(lib_a-memset.o)
 .bss           0x00091254        0x0 c:/altera/12.1/nios2eds/bin/gnu/h-i686-mingw32/bin/../lib/gcc/nios2-elf/4.1.2/../../../../nios2-elf/lib/mno-hw-mul\libc.a(lib_a-mprec.o)
 .bss           0x00091254        0x0 c:/altera/12.1/nios2eds/bin/gnu/h-i686-mingw32/bin/../lib/gcc/nios2-elf/4.1.2/../../../../nios2-elf/lib/mno-hw-mul\libc.a(lib_a-reallocr.o)
 .bss           0x00091254        0x0 c:/altera/12.1/nios2eds/bin/gnu/h-i686-mingw32/bin/../lib/gcc/nios2-elf/4.1.2/../../../../nios2-elf/lib/mno-hw-mul\libc.a(lib_a-s_isinfd.o)
 .bss           0x00091254        0x0 c:/altera/12.1/nios2eds/bin/gnu/h-i686-mingw32/bin/../lib/gcc/nios2-elf/4.1.2/../../../../nios2-elf/lib/mno-hw-mul\libc.a(lib_a-s_isnand.o)
 .bss           0x00091254        0x0 c:/altera/12.1/nios2eds/bin/gnu/h-i686-mingw32/bin/../lib/gcc/nios2-elf/4.1.2/../../../../nios2-elf/lib/mno-hw-mul\libc.a(lib_a-sbrkr.o)
 .bss           0x00091254        0x0 c:/altera/12.1/nios2eds/bin/gnu/h-i686-mingw32/bin/../lib/gcc/nios2-elf/4.1.2/../../../../nios2-elf/lib/mno-hw-mul\libc.a(lib_a-stdio.o)
 .bss           0x00091254        0x0 c:/altera/12.1/nios2eds/bin/gnu/h-i686-mingw32/bin/../lib/gcc/nios2-elf/4.1.2/../../../../nios2-elf/lib/mno-hw-mul\libc.a(lib_a-strcmp.o)
 .bss           0x00091254        0x0 c:/altera/12.1/nios2eds/bin/gnu/h-i686-mingw32/bin/../lib/gcc/nios2-elf/4.1.2/../../../../nios2-elf/lib/mno-hw-mul\libc.a(lib_a-writer.o)
 .bss           0x00091254        0x0 c:/altera/12.1/nios2eds/bin/gnu/h-i686-mingw32/bin/../lib/gcc/nios2-elf/4.1.2/../../../../nios2-elf/lib/mno-hw-mul\libc.a(lib_a-callocr.o)
 .bss           0x00091254        0x0 c:/altera/12.1/nios2eds/bin/gnu/h-i686-mingw32/bin/../lib/gcc/nios2-elf/4.1.2/../../../../nios2-elf/lib/mno-hw-mul\libc.a(lib_a-closer.o)
 .bss           0x00091254        0x0 c:/altera/12.1/nios2eds/bin/gnu/h-i686-mingw32/bin/../lib/gcc/nios2-elf/4.1.2/../../../../nios2-elf/lib/mno-hw-mul\libc.a(lib_a-fclose.o)
 .bss           0x00091254        0x0 c:/altera/12.1/nios2eds/bin/gnu/h-i686-mingw32/bin/../lib/gcc/nios2-elf/4.1.2/../../../../nios2-elf/lib/mno-hw-mul\libc.a(lib_a-fstatr.o)
 .bss           0x00091254        0x0 c:/altera/12.1/nios2eds/bin/gnu/h-i686-mingw32/bin/../lib/gcc/nios2-elf/4.1.2/../../../../nios2-elf/lib/mno-hw-mul\libc.a(lib_a-int_errno.o)
 .bss           0x00091254        0x0 c:/altera/12.1/nios2eds/bin/gnu/h-i686-mingw32/bin/../lib/gcc/nios2-elf/4.1.2/../../../../nios2-elf/lib/mno-hw-mul\libc.a(lib_a-isattyr.o)
 .bss           0x00091254        0x0 c:/altera/12.1/nios2eds/bin/gnu/h-i686-mingw32/bin/../lib/gcc/nios2-elf/4.1.2/../../../../nios2-elf/lib/mno-hw-mul\libc.a(lib_a-lseekr.o)
 .bss           0x00091254        0x0 c:/altera/12.1/nios2eds/bin/gnu/h-i686-mingw32/bin/../lib/gcc/nios2-elf/4.1.2/../../../../nios2-elf/lib/mno-hw-mul\libc.a(lib_a-readr.o)
 .bss           0x00091254        0x0 c:/altera/12.1/nios2eds/bin/gnu/h-i686-mingw32/bin/../lib/gcc/nios2-elf/4.1.2/mno-hw-mul\libgcc.a(_udivdi3.o)
 .bss           0x00091254        0x0 c:/altera/12.1/nios2eds/bin/gnu/h-i686-mingw32/bin/../lib/gcc/nios2-elf/4.1.2/mno-hw-mul\libgcc.a(_umoddi3.o)
 .bss           0x00091254        0x0 c:/altera/12.1/nios2eds/bin/gnu/h-i686-mingw32/bin/../lib/gcc/nios2-elf/4.1.2/mno-hw-mul\libgcc.a(_addsub_df.o)
 .bss           0x00091254        0x0 c:/altera/12.1/nios2eds/bin/gnu/h-i686-mingw32/bin/../lib/gcc/nios2-elf/4.1.2/mno-hw-mul\libgcc.a(_mul_df.o)
 .bss           0x00091254        0x0 c:/altera/12.1/nios2eds/bin/gnu/h-i686-mingw32/bin/../lib/gcc/nios2-elf/4.1.2/mno-hw-mul\libgcc.a(_div_df.o)
 .bss           0x00091254        0x0 c:/altera/12.1/nios2eds/bin/gnu/h-i686-mingw32/bin/../lib/gcc/nios2-elf/4.1.2/mno-hw-mul\libgcc.a(_eq_df.o)
 .bss           0x00091254        0x0 c:/altera/12.1/nios2eds/bin/gnu/h-i686-mingw32/bin/../lib/gcc/nios2-elf/4.1.2/mno-hw-mul\libgcc.a(_ne_df.o)
 .bss           0x00091254        0x0 c:/altera/12.1/nios2eds/bin/gnu/h-i686-mingw32/bin/../lib/gcc/nios2-elf/4.1.2/mno-hw-mul\libgcc.a(_gt_df.o)
 .bss           0x00091254        0x0 c:/altera/12.1/nios2eds/bin/gnu/h-i686-mingw32/bin/../lib/gcc/nios2-elf/4.1.2/mno-hw-mul\libgcc.a(_ge_df.o)
 .bss           0x00091254        0x0 c:/altera/12.1/nios2eds/bin/gnu/h-i686-mingw32/bin/../lib/gcc/nios2-elf/4.1.2/mno-hw-mul\libgcc.a(_lt_df.o)
 .bss           0x00091254        0x0 c:/altera/12.1/nios2eds/bin/gnu/h-i686-mingw32/bin/../lib/gcc/nios2-elf/4.1.2/mno-hw-mul\libgcc.a(_si_to_df.o)
 .bss           0x00091254        0x0 c:/altera/12.1/nios2eds/bin/gnu/h-i686-mingw32/bin/../lib/gcc/nios2-elf/4.1.2/mno-hw-mul\libgcc.a(_df_to_si.o)
 .bss           0x00091254        0x0 c:/altera/12.1/nios2eds/bin/gnu/h-i686-mingw32/bin/../lib/gcc/nios2-elf/4.1.2/mno-hw-mul\libgcc.a(_thenan_df.o)
 .bss           0x00091254        0x0 c:/altera/12.1/nios2eds/bin/gnu/h-i686-mingw32/bin/../lib/gcc/nios2-elf/4.1.2/mno-hw-mul\libgcc.a(_usi_to_df.o)
 .bss           0x00091254        0x0 c:/altera/12.1/nios2eds/bin/gnu/h-i686-mingw32/bin/../lib/gcc/nios2-elf/4.1.2/mno-hw-mul\libgcc.a(_muldi3.o)
 .bss           0x00091254        0x0 c:/altera/12.1/nios2eds/bin/gnu/h-i686-mingw32/bin/../lib/gcc/nios2-elf/4.1.2/mno-hw-mul\libgcc.a(_clz.o)
 .bss           0x00091254        0x0 c:/altera/12.1/nios2eds/bin/gnu/h-i686-mingw32/bin/../lib/gcc/nios2-elf/4.1.2/mno-hw-mul\libgcc.a(_clzsi2.o)
 .bss           0x00091254        0x0 c:/altera/12.1/nios2eds/bin/gnu/h-i686-mingw32/bin/../lib/gcc/nios2-elf/4.1.2/mno-hw-mul\libgcc.a(_pack_df.o)
 .bss           0x00091254        0x0 c:/altera/12.1/nios2eds/bin/gnu/h-i686-mingw32/bin/../lib/gcc/nios2-elf/4.1.2/mno-hw-mul\libgcc.a(_unpack_df.o)
 .bss           0x00091254        0x0 c:/altera/12.1/nios2eds/bin/gnu/h-i686-mingw32/bin/../lib/gcc/nios2-elf/4.1.2/mno-hw-mul\libgcc.a(_fpcmp_parts_df.o)
 .bss           0x00091254        0x0 C:/work/fpga/nios2_camera_sdram_lcd/prj_eclipse/nios2_camera_sdram_lcd_bsp/\libhal_bsp.a(alt_close.o)
 .bss           0x00091254        0x0 C:/work/fpga/nios2_camera_sdram_lcd/prj_eclipse/nios2_camera_sdram_lcd_bsp/\libhal_bsp.a(alt_dev.o)
 .bss           0x00091254        0x0 C:/work/fpga/nios2_camera_sdram_lcd/prj_eclipse/nios2_camera_sdram_lcd_bsp/\libhal_bsp.a(alt_errno.o)
 .bss           0x00091254        0x0 C:/work/fpga/nios2_camera_sdram_lcd/prj_eclipse/nios2_camera_sdram_lcd_bsp/\libhal_bsp.a(alt_fstat.o)
 .bss           0x00091254        0x0 C:/work/fpga/nios2_camera_sdram_lcd/prj_eclipse/nios2_camera_sdram_lcd_bsp/\libhal_bsp.a(alt_iic.o)
 .bss           0x00091254        0x0 C:/work/fpga/nios2_camera_sdram_lcd/prj_eclipse/nios2_camera_sdram_lcd_bsp/\libhal_bsp.a(alt_iic_isr_register.o)
 .bss           0x00091254        0x0 C:/work/fpga/nios2_camera_sdram_lcd/prj_eclipse/nios2_camera_sdram_lcd_bsp/\libhal_bsp.a(alt_irq_entry.o)
 .bss           0x00091254        0x0 C:/work/fpga/nios2_camera_sdram_lcd/prj_eclipse/nios2_camera_sdram_lcd_bsp/\libhal_bsp.a(alt_irq_handler.o)
 .bss           0x00091254        0x0 C:/work/fpga/nios2_camera_sdram_lcd/prj_eclipse/nios2_camera_sdram_lcd_bsp/\libhal_bsp.a(alt_irq_vars.o)
 .bss           0x00091254        0x0 C:/work/fpga/nios2_camera_sdram_lcd/prj_eclipse/nios2_camera_sdram_lcd_bsp/\libhal_bsp.a(alt_isatty.o)
 .bss           0x00091254        0x0 C:/work/fpga/nios2_camera_sdram_lcd/prj_eclipse/nios2_camera_sdram_lcd_bsp/\libhal_bsp.a(alt_load.o)
 .bss           0x00091254        0x0 C:/work/fpga/nios2_camera_sdram_lcd/prj_eclipse/nios2_camera_sdram_lcd_bsp/\libhal_bsp.a(alt_lseek.o)
 .bss           0x00091254        0x0 C:/work/fpga/nios2_camera_sdram_lcd/prj_eclipse/nios2_camera_sdram_lcd_bsp/\libhal_bsp.a(alt_main.o)
 .bss           0x00091254        0x0 C:/work/fpga/nios2_camera_sdram_lcd/prj_eclipse/nios2_camera_sdram_lcd_bsp/\libhal_bsp.a(alt_malloc_lock.o)
 .bss           0x00091254        0x0 C:/work/fpga/nios2_camera_sdram_lcd/prj_eclipse/nios2_camera_sdram_lcd_bsp/\libhal_bsp.a(alt_read.o)
 .bss           0x00091254        0x0 C:/work/fpga/nios2_camera_sdram_lcd/prj_eclipse/nios2_camera_sdram_lcd_bsp/\libhal_bsp.a(alt_release_fd.o)
 .bss           0x00091254        0x0 C:/work/fpga/nios2_camera_sdram_lcd/prj_eclipse/nios2_camera_sdram_lcd_bsp/\libhal_bsp.a(alt_sbrk.o)
 .bss           0x00091254        0x0 C:/work/fpga/nios2_camera_sdram_lcd/prj_eclipse/nios2_camera_sdram_lcd_bsp/\libhal_bsp.a(alt_usleep.o)
 .bss           0x00091254        0x0 C:/work/fpga/nios2_camera_sdram_lcd/prj_eclipse/nios2_camera_sdram_lcd_bsp/\libhal_bsp.a(alt_write.o)
 .bss           0x00091254        0x0 C:/work/fpga/nios2_camera_sdram_lcd/prj_eclipse/nios2_camera_sdram_lcd_bsp/\libhal_bsp.a(alt_sys_init.o)
 .bss           0x00091254        0x0 C:/work/fpga/nios2_camera_sdram_lcd/prj_eclipse/nios2_camera_sdram_lcd_bsp/\libhal_bsp.a(altera_avalon_jtag_uart_fd.o)
 .bss           0x00091254        0x0 C:/work/fpga/nios2_camera_sdram_lcd/prj_eclipse/nios2_camera_sdram_lcd_bsp/\libhal_bsp.a(altera_avalon_jtag_uart_init.o)
 .bss           0x00091254        0x0 C:/work/fpga/nios2_camera_sdram_lcd/prj_eclipse/nios2_camera_sdram_lcd_bsp/\libhal_bsp.a(altera_avalon_jtag_uart_ioctl.o)
 .bss           0x00091254        0x0 C:/work/fpga/nios2_camera_sdram_lcd/prj_eclipse/nios2_camera_sdram_lcd_bsp/\libhal_bsp.a(altera_avalon_jtag_uart_read.o)
 .bss           0x00091254        0x0 C:/work/fpga/nios2_camera_sdram_lcd/prj_eclipse/nios2_camera_sdram_lcd_bsp/\libhal_bsp.a(altera_avalon_jtag_uart_write.o)
 .bss           0x00091254        0x0 C:/work/fpga/nios2_camera_sdram_lcd/prj_eclipse/nios2_camera_sdram_lcd_bsp/\libhal_bsp.a(alt_alarm_start.o)
 .bss           0x00091254        0x0 C:/work/fpga/nios2_camera_sdram_lcd/prj_eclipse/nios2_camera_sdram_lcd_bsp/\libhal_bsp.a(alt_busy_sleep.o)
 .bss           0x00091254        0x0 C:/work/fpga/nios2_camera_sdram_lcd/prj_eclipse/nios2_camera_sdram_lcd_bsp/\libhal_bsp.a(alt_dcache_flush_all.o)
 .bss           0x00091254        0x0 C:/work/fpga/nios2_camera_sdram_lcd/prj_eclipse/nios2_camera_sdram_lcd_bsp/\libhal_bsp.a(alt_dev_llist_insert.o)
 .bss           0x00091254        0x0 C:/work/fpga/nios2_camera_sdram_lcd/prj_eclipse/nios2_camera_sdram_lcd_bsp/\libhal_bsp.a(alt_do_ctors.o)
 .bss           0x00091254        0x0 C:/work/fpga/nios2_camera_sdram_lcd/prj_eclipse/nios2_camera_sdram_lcd_bsp/\libhal_bsp.a(alt_do_dtors.o)
 .bss           0x00091254        0x0 C:/work/fpga/nios2_camera_sdram_lcd/prj_eclipse/nios2_camera_sdram_lcd_bsp/\libhal_bsp.a(alt_exception_entry.o)
 .bss           0x00091254        0x0 C:/work/fpga/nios2_camera_sdram_lcd/prj_eclipse/nios2_camera_sdram_lcd_bsp/\libhal_bsp.a(alt_icache_flush_all.o)
 .bss           0x00091254        0x0 C:/work/fpga/nios2_camera_sdram_lcd/prj_eclipse/nios2_camera_sdram_lcd_bsp/\libhal_bsp.a(alt_io_redirect.o)
 .bss           0x00091254        0x0 C:/work/fpga/nios2_camera_sdram_lcd/prj_eclipse/nios2_camera_sdram_lcd_bsp/\libhal_bsp.a(alt_open.o)
 .bss           0x00091254        0x0 C:/work/fpga/nios2_camera_sdram_lcd/prj_eclipse/nios2_camera_sdram_lcd_bsp/\libhal_bsp.a(alt_tick.o)
 .bss           0x00091254        0x0 C:/work/fpga/nios2_camera_sdram_lcd/prj_eclipse/nios2_camera_sdram_lcd_bsp/\libhal_bsp.a(altera_nios2_qsys_irq.o)
 .bss           0x00091254        0x0 C:/work/fpga/nios2_camera_sdram_lcd/prj_eclipse/nios2_camera_sdram_lcd_bsp/\libhal_bsp.a(alt_find_dev.o)
 .bss           0x00091254        0x0 C:/work/fpga/nios2_camera_sdram_lcd/prj_eclipse/nios2_camera_sdram_lcd_bsp/\libhal_bsp.a(alt_find_file.o)
 .bss           0x00091254        0x0 C:/work/fpga/nios2_camera_sdram_lcd/prj_eclipse/nios2_camera_sdram_lcd_bsp/\libhal_bsp.a(alt_get_fd.o)
 .bss           0x00091254        0x0 c:/altera/12.1/nios2eds/bin/gnu/h-i686-mingw32/bin/../lib/gcc/nios2-elf/4.1.2/../../../../nios2-elf/lib/mno-hw-mul\libc.a(lib_a-atexit.o)
 .bss           0x00091254        0x0 c:/altera/12.1/nios2eds/bin/gnu/h-i686-mingw32/bin/../lib/gcc/nios2-elf/4.1.2/../../../../nios2-elf/lib/mno-hw-mul\libc.a(lib_a-exit.o)
 .bss           0x00091254        0x0 c:/altera/12.1/nios2eds/bin/gnu/h-i686-mingw32/bin/../lib/gcc/nios2-elf/4.1.2/../../../../nios2-elf/lib/mno-hw-mul\libc.a(lib_a-memcmp.o)
 .bss           0x00091254        0x0 c:/altera/12.1/nios2eds/bin/gnu/h-i686-mingw32/bin/../lib/gcc/nios2-elf/4.1.2/../../../../nios2-elf/lib/mno-hw-mul\libc.a(lib_a-__atexit.o)
 .bss           0x00091254        0x0 c:/altera/12.1/nios2eds/bin/gnu/h-i686-mingw32/bin/../lib/gcc/nios2-elf/4.1.2/../../../../nios2-elf/lib/mno-hw-mul\libc.a(lib_a-__call_atexit.o)
 .bss           0x00091254        0x0 C:/work/fpga/nios2_camera_sdram_lcd/prj_eclipse/nios2_camera_sdram_lcd_bsp/\libhal_bsp.a(alt_exit.o)
 *(COMMON)
 COMMON         0x00091254      0x100 C:/work/fpga/nios2_camera_sdram_lcd/prj_eclipse/nios2_camera_sdram_lcd_bsp/\libhal_bsp.a(alt_irq_handler.o)
                0x00091254                alt_irq
 COMMON         0x00091354      0x190 c:/altera/12.1/nios2eds/bin/gnu/h-i686-mingw32/bin/../lib/gcc/nios2-elf/4.1.2/../../../../nios2-elf/lib/mno-hw-mul\libc.a(lib_a-atexit.o)
                0x00091354                _atexit0
                0x000914e4                . = ALIGN (0x4)
                0x000914e4                __bss_end = ABSOLUTE (.)

.sdram          0x000914e4        0x0
                0x000914e4                PROVIDE (_alt_partition_sdram_start, ABSOLUTE (.))
 *(.sdram. sdram.*)
                0x000914e4                . = ALIGN (0x4)
                0x000914e4                PROVIDE (_alt_partition_sdram_end, ABSOLUTE (.))
                0x000914e4                _end = ABSOLUTE (.)
                0x000914e4                end = ABSOLUTE (.)
                0x000914e4                __alt_stack_base = ABSOLUTE (.)
                0x000914e4                PROVIDE (_alt_partition_sdram_load_addr, LOADADDR (.sdram))

.stab
 *(.stab)

.stabstr
 *(.stabstr)

.stab.excl
 *(.stab.excl)

.stab.exclstr
 *(.stab.exclstr)

.stab.index
 *(.stab.index)

.stab.indexstr
 *(.stab.indexstr)

.comment        0x00000000       0x23
 *(.comment)
 .comment       0x00000000       0x23 obj/default/avalon_isp_algo_2a.o
                                 0x24 (size before relaxing)
 .comment       0x00000000       0x24 obj/default/hello_world.o
 .comment       0x00000000       0x24 obj/default/ov5640_drv.o
 .comment       0x00000000       0x24 c:/altera/12.1/nios2eds/bin/gnu/h-i686-mingw32/bin/../lib/gcc/nios2-elf/4.1.2/mno-hw-mul\libgcc.a(lib2-divmod.o)
 .comment       0x00000000       0x24 c:/altera/12.1/nios2eds/bin/gnu/h-i686-mingw32/bin/../lib/gcc/nios2-elf/4.1.2/mno-hw-mul\libgcc.a(lib2-mul.o)
 .comment       0x00000000       0x24 c:/altera/12.1/nios2eds/bin/gnu/h-i686-mingw32/bin/../lib/gcc/nios2-elf/4.1.2/../../../../nios2-elf/lib/mno-hw-mul\libc.a(lib_a-printf.o)
 .comment       0x00000000       0x24 c:/altera/12.1/nios2eds/bin/gnu/h-i686-mingw32/bin/../lib/gcc/nios2-elf/4.1.2/../../../../nios2-elf/lib/mno-hw-mul\libc.a(lib_a-puts.o)
 .comment       0x00000000       0x24 c:/altera/12.1/nios2eds/bin/gnu/h-i686-mingw32/bin/../lib/gcc/nios2-elf/4.1.2/../../../../nios2-elf/lib/mno-hw-mul\libc.a(lib_a-strlen.o)
 .comment       0x00000000       0x24 c:/altera/12.1/nios2eds/bin/gnu/h-i686-mingw32/bin/../lib/gcc/nios2-elf/4.1.2/../../../../nios2-elf/lib/mno-hw-mul\libc.a(lib_a-vfprintf.o)
 .comment       0x00000000       0x24 c:/altera/12.1/nios2eds/bin/gnu/h-i686-mingw32/bin/../lib/gcc/nios2-elf/4.1.2/../../../../nios2-elf/lib/mno-hw-mul\libc.a(lib_a-wsetup.o)
 .comment       0x00000000       0x24 c:/altera/12.1/nios2eds/bin/gnu/h-i686-mingw32/bin/../lib/gcc/nios2-elf/4.1.2/../../../../nios2-elf/lib/mno-hw-mul\libc.a(lib_a-dtoa.o)
 .comment       0x00000000       0x24 c:/altera/12.1/nios2eds/bin/gnu/h-i686-mingw32/bin/../lib/gcc/nios2-elf/4.1.2/../../../../nios2-elf/lib/mno-hw-mul\libc.a(lib_a-fflush.o)
 .comment       0x00000000       0x24 c:/altera/12.1/nios2eds/bin/gnu/h-i686-mingw32/bin/../lib/gcc/nios2-elf/4.1.2/../../../../nios2-elf/lib/mno-hw-mul\libc.a(lib_a-findfp.o)
 .comment       0x00000000       0x24 c:/altera/12.1/nios2eds/bin/gnu/h-i686-mingw32/bin/../lib/gcc/nios2-elf/4.1.2/../../../../nios2-elf/lib/mno-hw-mul\libc.a(lib_a-freer.o)
 .comment       0x00000000       0x24 c:/altera/12.1/nios2eds/bin/gnu/h-i686-mingw32/bin/../lib/gcc/nios2-elf/4.1.2/../../../../nios2-elf/lib/mno-hw-mul\libc.a(lib_a-fvwrite.o)
 .comment       0x00000000       0x24 c:/altera/12.1/nios2eds/bin/gnu/h-i686-mingw32/bin/../lib/gcc/nios2-elf/4.1.2/../../../../nios2-elf/lib/mno-hw-mul\libc.a(lib_a-fwalk.o)
 .comment       0x00000000       0x24 c:/altera/12.1/nios2eds/bin/gnu/h-i686-mingw32/bin/../lib/gcc/nios2-elf/4.1.2/../../../../nios2-elf/lib/mno-hw-mul\libc.a(lib_a-impure.o)
 .comment       0x00000000       0x24 c:/altera/12.1/nios2eds/bin/gnu/h-i686-mingw32/bin/../lib/gcc/nios2-elf/4.1.2/../../../../nios2-elf/lib/mno-hw-mul\libc.a(lib_a-locale.o)
 .comment       0x00000000       0x24 c:/altera/12.1/nios2eds/bin/gnu/h-i686-mingw32/bin/../lib/gcc/nios2-elf/4.1.2/../../../../nios2-elf/lib/mno-hw-mul\libc.a(lib_a-makebuf.o)
 .comment       0x00000000       0x24 c:/altera/12.1/nios2eds/bin/gnu/h-i686-mingw32/bin/../lib/gcc/nios2-elf/4.1.2/../../../../nios2-elf/lib/mno-hw-mul\libc.a(lib_a-mallocr.o)
 .comment       0x00000000       0x24 c:/altera/12.1/nios2eds/bin/gnu/h-i686-mingw32/bin/../lib/gcc/nios2-elf/4.1.2/../../../../nios2-elf/lib/mno-hw-mul\libc.a(lib_a-memchr.o)
 .comment       0x00000000       0x24 c:/altera/12.1/nios2eds/bin/gnu/h-i686-mingw32/bin/../lib/gcc/nios2-elf/4.1.2/../../../../nios2-elf/lib/mno-hw-mul\libc.a(lib_a-memcpy.o)
 .comment       0x00000000       0x24 c:/altera/12.1/nios2eds/bin/gnu/h-i686-mingw32/bin/../lib/gcc/nios2-elf/4.1.2/../../../../nios2-elf/lib/mno-hw-mul\libc.a(lib_a-memmove.o)
 .comment       0x00000000       0x24 c:/altera/12.1/nios2eds/bin/gnu/h-i686-mingw32/bin/../lib/gcc/nios2-elf/4.1.2/../../../../nios2-elf/lib/mno-hw-mul\libc.a(lib_a-memset.o)
 .comment       0x00000000       0x24 c:/altera/12.1/nios2eds/bin/gnu/h-i686-mingw32/bin/../lib/gcc/nios2-elf/4.1.2/../../../../nios2-elf/lib/mno-hw-mul\libc.a(lib_a-mprec.o)
 .comment       0x00000000       0x24 c:/altera/12.1/nios2eds/bin/gnu/h-i686-mingw32/bin/../lib/gcc/nios2-elf/4.1.2/../../../../nios2-elf/lib/mno-hw-mul\libc.a(lib_a-reallocr.o)
 .comment       0x00000000       0x24 c:/altera/12.1/nios2eds/bin/gnu/h-i686-mingw32/bin/../lib/gcc/nios2-elf/4.1.2/../../../../nios2-elf/lib/mno-hw-mul\libc.a(lib_a-s_isinfd.o)
 .comment       0x00000000       0x24 c:/altera/12.1/nios2eds/bin/gnu/h-i686-mingw32/bin/../lib/gcc/nios2-elf/4.1.2/../../../../nios2-elf/lib/mno-hw-mul\libc.a(lib_a-s_isnand.o)
 .comment       0x00000000       0x24 c:/altera/12.1/nios2eds/bin/gnu/h-i686-mingw32/bin/../lib/gcc/nios2-elf/4.1.2/../../../../nios2-elf/lib/mno-hw-mul\libc.a(lib_a-sbrkr.o)
 .comment       0x00000000       0x24 c:/altera/12.1/nios2eds/bin/gnu/h-i686-mingw32/bin/../lib/gcc/nios2-elf/4.1.2/../../../../nios2-elf/lib/mno-hw-mul\libc.a(lib_a-stdio.o)
 .comment       0x00000000       0x24 c:/altera/12.1/nios2eds/bin/gnu/h-i686-mingw32/bin/../lib/gcc/nios2-elf/4.1.2/../../../../nios2-elf/lib/mno-hw-mul\libc.a(lib_a-strcmp.o)
 .comment       0x00000000       0x24 c:/altera/12.1/nios2eds/bin/gnu/h-i686-mingw32/bin/../lib/gcc/nios2-elf/4.1.2/../../../../nios2-elf/lib/mno-hw-mul\libc.a(lib_a-writer.o)
 .comment       0x00000000       0x24 c:/altera/12.1/nios2eds/bin/gnu/h-i686-mingw32/bin/../lib/gcc/nios2-elf/4.1.2/../../../../nios2-elf/lib/mno-hw-mul\libc.a(lib_a-callocr.o)
 .comment       0x00000000       0x24 c:/altera/12.1/nios2eds/bin/gnu/h-i686-mingw32/bin/../lib/gcc/nios2-elf/4.1.2/../../../../nios2-elf/lib/mno-hw-mul\libc.a(lib_a-closer.o)
 .comment       0x00000000       0x24 c:/altera/12.1/nios2eds/bin/gnu/h-i686-mingw32/bin/../lib/gcc/nios2-elf/4.1.2/../../../../nios2-elf/lib/mno-hw-mul\libc.a(lib_a-fclose.o)
 .comment       0x00000000       0x24 c:/altera/12.1/nios2eds/bin/gnu/h-i686-mingw32/bin/../lib/gcc/nios2-elf/4.1.2/../../../../nios2-elf/lib/mno-hw-mul\libc.a(lib_a-fstatr.o)
 .comment       0x00000000       0x24 c:/altera/12.1/nios2eds/bin/gnu/h-i686-mingw32/bin/../lib/gcc/nios2-elf/4.1.2/../../../../nios2-elf/lib/mno-hw-mul\libc.a(lib_a-int_errno.o)
 .comment       0x00000000       0x24 c:/altera/12.1/nios2eds/bin/gnu/h-i686-mingw32/bin/../lib/gcc/nios2-elf/4.1.2/../../../../nios2-elf/lib/mno-hw-mul\libc.a(lib_a-isattyr.o)
 .comment       0x00000000       0x24 c:/altera/12.1/nios2eds/bin/gnu/h-i686-mingw32/bin/../lib/gcc/nios2-elf/4.1.2/../../../../nios2-elf/lib/mno-hw-mul\libc.a(lib_a-lseekr.o)
 .comment       0x00000000       0x24 c:/altera/12.1/nios2eds/bin/gnu/h-i686-mingw32/bin/../lib/gcc/nios2-elf/4.1.2/../../../../nios2-elf/lib/mno-hw-mul\libc.a(lib_a-readr.o)
 .comment       0x00000000       0x24 c:/altera/12.1/nios2eds/bin/gnu/h-i686-mingw32/bin/../lib/gcc/nios2-elf/4.1.2/mno-hw-mul\libgcc.a(_udivdi3.o)
 .comment       0x00000000       0x24 c:/altera/12.1/nios2eds/bin/gnu/h-i686-mingw32/bin/../lib/gcc/nios2-elf/4.1.2/mno-hw-mul\libgcc.a(_umoddi3.o)
 .comment       0x00000000       0x24 c:/altera/12.1/nios2eds/bin/gnu/h-i686-mingw32/bin/../lib/gcc/nios2-elf/4.1.2/mno-hw-mul\libgcc.a(_addsub_df.o)
 .comment       0x00000000       0x24 c:/altera/12.1/nios2eds/bin/gnu/h-i686-mingw32/bin/../lib/gcc/nios2-elf/4.1.2/mno-hw-mul\libgcc.a(_mul_df.o)
 .comment       0x00000000       0x24 c:/altera/12.1/nios2eds/bin/gnu/h-i686-mingw32/bin/../lib/gcc/nios2-elf/4.1.2/mno-hw-mul\libgcc.a(_div_df.o)
 .comment       0x00000000       0x24 c:/altera/12.1/nios2eds/bin/gnu/h-i686-mingw32/bin/../lib/gcc/nios2-elf/4.1.2/mno-hw-mul\libgcc.a(_eq_df.o)
 .comment       0x00000000       0x24 c:/altera/12.1/nios2eds/bin/gnu/h-i686-mingw32/bin/../lib/gcc/nios2-elf/4.1.2/mno-hw-mul\libgcc.a(_ne_df.o)
 .comment       0x00000000       0x24 c:/altera/12.1/nios2eds/bin/gnu/h-i686-mingw32/bin/../lib/gcc/nios2-elf/4.1.2/mno-hw-mul\libgcc.a(_gt_df.o)
 .comment       0x00000000       0x24 c:/altera/12.1/nios2eds/bin/gnu/h-i686-mingw32/bin/../lib/gcc/nios2-elf/4.1.2/mno-hw-mul\libgcc.a(_ge_df.o)
 .comment       0x00000000       0x24 c:/altera/12.1/nios2eds/bin/gnu/h-i686-mingw32/bin/../lib/gcc/nios2-elf/4.1.2/mno-hw-mul\libgcc.a(_lt_df.o)
 .comment       0x00000000       0x24 c:/altera/12.1/nios2eds/bin/gnu/h-i686-mingw32/bin/../lib/gcc/nios2-elf/4.1.2/mno-hw-mul\libgcc.a(_si_to_df.o)
 .comment       0x00000000       0x24 c:/altera/12.1/nios2eds/bin/gnu/h-i686-mingw32/bin/../lib/gcc/nios2-elf/4.1.2/mno-hw-mul\libgcc.a(_df_to_si.o)
 .comment       0x00000000       0x24 c:/altera/12.1/nios2eds/bin/gnu/h-i686-mingw32/bin/../lib/gcc/nios2-elf/4.1.2/mno-hw-mul\libgcc.a(_thenan_df.o)
 .comment       0x00000000       0x24 c:/altera/12.1/nios2eds/bin/gnu/h-i686-mingw32/bin/../lib/gcc/nios2-elf/4.1.2/mno-hw-mul\libgcc.a(_usi_to_df.o)
 .comment       0x00000000       0x24 c:/altera/12.1/nios2eds/bin/gnu/h-i686-mingw32/bin/../lib/gcc/nios2-elf/4.1.2/mno-hw-mul\libgcc.a(_muldi3.o)
 .comment       0x00000000       0x24 c:/altera/12.1/nios2eds/bin/gnu/h-i686-mingw32/bin/../lib/gcc/nios2-elf/4.1.2/mno-hw-mul\libgcc.a(_clz.o)
 .comment       0x00000000       0x24 c:/altera/12.1/nios2eds/bin/gnu/h-i686-mingw32/bin/../lib/gcc/nios2-elf/4.1.2/mno-hw-mul\libgcc.a(_clzsi2.o)
 .comment       0x00000000       0x24 c:/altera/12.1/nios2eds/bin/gnu/h-i686-mingw32/bin/../lib/gcc/nios2-elf/4.1.2/mno-hw-mul\libgcc.a(_pack_df.o)
 .comment       0x00000000       0x24 c:/altera/12.1/nios2eds/bin/gnu/h-i686-mingw32/bin/../lib/gcc/nios2-elf/4.1.2/mno-hw-mul\libgcc.a(_unpack_df.o)
 .comment       0x00000000       0x24 c:/altera/12.1/nios2eds/bin/gnu/h-i686-mingw32/bin/../lib/gcc/nios2-elf/4.1.2/mno-hw-mul\libgcc.a(_fpcmp_parts_df.o)
 .comment       0x00000000       0x24 C:/work/fpga/nios2_camera_sdram_lcd/prj_eclipse/nios2_camera_sdram_lcd_bsp/\libhal_bsp.a(alt_close.o)
 .comment       0x00000000       0x24 C:/work/fpga/nios2_camera_sdram_lcd/prj_eclipse/nios2_camera_sdram_lcd_bsp/\libhal_bsp.a(alt_dev.o)
 .comment       0x00000000       0x24 C:/work/fpga/nios2_camera_sdram_lcd/prj_eclipse/nios2_camera_sdram_lcd_bsp/\libhal_bsp.a(alt_errno.o)
 .comment       0x00000000       0x24 C:/work/fpga/nios2_camera_sdram_lcd/prj_eclipse/nios2_camera_sdram_lcd_bsp/\libhal_bsp.a(alt_fstat.o)
 .comment       0x00000000       0x24 C:/work/fpga/nios2_camera_sdram_lcd/prj_eclipse/nios2_camera_sdram_lcd_bsp/\libhal_bsp.a(alt_iic.o)
 .comment       0x00000000       0x24 C:/work/fpga/nios2_camera_sdram_lcd/prj_eclipse/nios2_camera_sdram_lcd_bsp/\libhal_bsp.a(alt_iic_isr_register.o)
 .comment       0x00000000       0x24 C:/work/fpga/nios2_camera_sdram_lcd/prj_eclipse/nios2_camera_sdram_lcd_bsp/\libhal_bsp.a(alt_irq_handler.o)
 .comment       0x00000000       0x24 C:/work/fpga/nios2_camera_sdram_lcd/prj_eclipse/nios2_camera_sdram_lcd_bsp/\libhal_bsp.a(alt_irq_vars.o)
 .comment       0x00000000       0x24 C:/work/fpga/nios2_camera_sdram_lcd/prj_eclipse/nios2_camera_sdram_lcd_bsp/\libhal_bsp.a(alt_isatty.o)
 .comment       0x00000000       0x24 C:/work/fpga/nios2_camera_sdram_lcd/prj_eclipse/nios2_camera_sdram_lcd_bsp/\libhal_bsp.a(alt_load.o)
 .comment       0x00000000       0x24 C:/work/fpga/nios2_camera_sdram_lcd/prj_eclipse/nios2_camera_sdram_lcd_bsp/\libhal_bsp.a(alt_lseek.o)
 .comment       0x00000000       0x24 C:/work/fpga/nios2_camera_sdram_lcd/prj_eclipse/nios2_camera_sdram_lcd_bsp/\libhal_bsp.a(alt_main.o)
 .comment       0x00000000       0x24 C:/work/fpga/nios2_camera_sdram_lcd/prj_eclipse/nios2_camera_sdram_lcd_bsp/\libhal_bsp.a(alt_malloc_lock.o)
 .comment       0x00000000       0x24 C:/work/fpga/nios2_camera_sdram_lcd/prj_eclipse/nios2_camera_sdram_lcd_bsp/\libhal_bsp.a(alt_read.o)
 .comment       0x00000000       0x24 C:/work/fpga/nios2_camera_sdram_lcd/prj_eclipse/nios2_camera_sdram_lcd_bsp/\libhal_bsp.a(alt_release_fd.o)
 .comment       0x00000000       0x24 C:/work/fpga/nios2_camera_sdram_lcd/prj_eclipse/nios2_camera_sdram_lcd_bsp/\libhal_bsp.a(alt_sbrk.o)
 .comment       0x00000000       0x24 C:/work/fpga/nios2_camera_sdram_lcd/prj_eclipse/nios2_camera_sdram_lcd_bsp/\libhal_bsp.a(alt_usleep.o)
 .comment       0x00000000       0x24 C:/work/fpga/nios2_camera_sdram_lcd/prj_eclipse/nios2_camera_sdram_lcd_bsp/\libhal_bsp.a(alt_write.o)
 .comment       0x00000000       0x24 C:/work/fpga/nios2_camera_sdram_lcd/prj_eclipse/nios2_camera_sdram_lcd_bsp/\libhal_bsp.a(alt_sys_init.o)
 .comment       0x00000000       0x24 C:/work/fpga/nios2_camera_sdram_lcd/prj_eclipse/nios2_camera_sdram_lcd_bsp/\libhal_bsp.a(altera_avalon_jtag_uart_fd.o)
 .comment       0x00000000       0x24 C:/work/fpga/nios2_camera_sdram_lcd/prj_eclipse/nios2_camera_sdram_lcd_bsp/\libhal_bsp.a(altera_avalon_jtag_uart_init.o)
 .comment       0x00000000       0x24 C:/work/fpga/nios2_camera_sdram_lcd/prj_eclipse/nios2_camera_sdram_lcd_bsp/\libhal_bsp.a(altera_avalon_jtag_uart_ioctl.o)
 .comment       0x00000000       0x24 C:/work/fpga/nios2_camera_sdram_lcd/prj_eclipse/nios2_camera_sdram_lcd_bsp/\libhal_bsp.a(altera_avalon_jtag_uart_read.o)
 .comment       0x00000000       0x24 C:/work/fpga/nios2_camera_sdram_lcd/prj_eclipse/nios2_camera_sdram_lcd_bsp/\libhal_bsp.a(altera_avalon_jtag_uart_write.o)
 .comment       0x00000000       0x24 C:/work/fpga/nios2_camera_sdram_lcd/prj_eclipse/nios2_camera_sdram_lcd_bsp/\libhal_bsp.a(alt_alarm_start.o)
 .comment       0x00000000       0x24 C:/work/fpga/nios2_camera_sdram_lcd/prj_eclipse/nios2_camera_sdram_lcd_bsp/\libhal_bsp.a(alt_busy_sleep.o)
 .comment       0x00000000       0x24 C:/work/fpga/nios2_camera_sdram_lcd/prj_eclipse/nios2_camera_sdram_lcd_bsp/\libhal_bsp.a(alt_dcache_flush_all.o)
 .comment       0x00000000       0x24 C:/work/fpga/nios2_camera_sdram_lcd/prj_eclipse/nios2_camera_sdram_lcd_bsp/\libhal_bsp.a(alt_dev_llist_insert.o)
 .comment       0x00000000       0x24 C:/work/fpga/nios2_camera_sdram_lcd/prj_eclipse/nios2_camera_sdram_lcd_bsp/\libhal_bsp.a(alt_do_ctors.o)
 .comment       0x00000000       0x24 C:/work/fpga/nios2_camera_sdram_lcd/prj_eclipse/nios2_camera_sdram_lcd_bsp/\libhal_bsp.a(alt_do_dtors.o)
 .comment       0x00000000       0x24 C:/work/fpga/nios2_camera_sdram_lcd/prj_eclipse/nios2_camera_sdram_lcd_bsp/\libhal_bsp.a(alt_icache_flush_all.o)
 .comment       0x00000000       0x24 C:/work/fpga/nios2_camera_sdram_lcd/prj_eclipse/nios2_camera_sdram_lcd_bsp/\libhal_bsp.a(alt_io_redirect.o)
 .comment       0x00000000       0x24 C:/work/fpga/nios2_camera_sdram_lcd/prj_eclipse/nios2_camera_sdram_lcd_bsp/\libhal_bsp.a(alt_open.o)
 .comment       0x00000000       0x24 C:/work/fpga/nios2_camera_sdram_lcd/prj_eclipse/nios2_camera_sdram_lcd_bsp/\libhal_bsp.a(alt_tick.o)
 .comment       0x00000000       0x24 C:/work/fpga/nios2_camera_sdram_lcd/prj_eclipse/nios2_camera_sdram_lcd_bsp/\libhal_bsp.a(altera_nios2_qsys_irq.o)
 .comment       0x00000000       0x24 C:/work/fpga/nios2_camera_sdram_lcd/prj_eclipse/nios2_camera_sdram_lcd_bsp/\libhal_bsp.a(alt_find_dev.o)
 .comment       0x00000000       0x24 C:/work/fpga/nios2_camera_sdram_lcd/prj_eclipse/nios2_camera_sdram_lcd_bsp/\libhal_bsp.a(alt_find_file.o)
 .comment       0x00000000       0x24 C:/work/fpga/nios2_camera_sdram_lcd/prj_eclipse/nios2_camera_sdram_lcd_bsp/\libhal_bsp.a(alt_get_fd.o)
 .comment       0x00000000       0x24 c:/altera/12.1/nios2eds/bin/gnu/h-i686-mingw32/bin/../lib/gcc/nios2-elf/4.1.2/../../../../nios2-elf/lib/mno-hw-mul\libc.a(lib_a-atexit.o)
 .comment       0x00000000       0x24 c:/altera/12.1/nios2eds/bin/gnu/h-i686-mingw32/bin/../lib/gcc/nios2-elf/4.1.2/../../../../nios2-elf/lib/mno-hw-mul\libc.a(lib_a-exit.o)
 .comment       0x00000000       0x24 c:/altera/12.1/nios2eds/bin/gnu/h-i686-mingw32/bin/../lib/gcc/nios2-elf/4.1.2/../../../../nios2-elf/lib/mno-hw-mul\libc.a(lib_a-memcmp.o)
 .comment       0x00000000       0x24 c:/altera/12.1/nios2eds/bin/gnu/h-i686-mingw32/bin/../lib/gcc/nios2-elf/4.1.2/../../../../nios2-elf/lib/mno-hw-mul\libc.a(lib_a-__atexit.o)
 .comment       0x00000000       0x24 c:/altera/12.1/nios2eds/bin/gnu/h-i686-mingw32/bin/../lib/gcc/nios2-elf/4.1.2/../../../../nios2-elf/lib/mno-hw-mul\libc.a(lib_a-__call_atexit.o)
 .comment       0x00000000       0x24 C:/work/fpga/nios2_camera_sdram_lcd/prj_eclipse/nios2_camera_sdram_lcd_bsp/\libhal_bsp.a(alt_exit.o)

.debug
 *(.debug)

.line
 *(.line)

.debug_srcinfo
 *(.debug_srcinfo)

.debug_sfnames
 *(.debug_sfnames)

.debug_aranges  0x00000000      0xcd8
 *(.debug_aranges)
 .debug_aranges
                0x00000000       0x28 C:/work/fpga/nios2_camera_sdram_lcd/prj_eclipse/nios2_camera_sdram_lcd_bsp//obj/HAL/src/crt0.o
 .debug_aranges
                0x00000028       0x20 obj/default/avalon_isp_algo_2a.o
 .debug_aranges
                0x00000048       0x20 obj/default/hello_world.o
 .debug_aranges
                0x00000068       0x20 obj/default/ov5640_drv.o
 .debug_aranges
                0x00000088       0x20 c:/altera/12.1/nios2eds/bin/gnu/h-i686-mingw32/bin/../lib/gcc/nios2-elf/4.1.2/mno-hw-mul\libgcc.a(lib2-divmod.o)
 .debug_aranges
                0x000000a8       0x20 c:/altera/12.1/nios2eds/bin/gnu/h-i686-mingw32/bin/../lib/gcc/nios2-elf/4.1.2/mno-hw-mul\libgcc.a(lib2-mul.o)
 .debug_aranges
                0x000000c8       0x20 c:/altera/12.1/nios2eds/bin/gnu/h-i686-mingw32/bin/../lib/gcc/nios2-elf/4.1.2/../../../../nios2-elf/lib/mno-hw-mul\libc.a(lib_a-printf.o)
 .debug_aranges
                0x000000e8       0x20 c:/altera/12.1/nios2eds/bin/gnu/h-i686-mingw32/bin/../lib/gcc/nios2-elf/4.1.2/../../../../nios2-elf/lib/mno-hw-mul\libc.a(lib_a-puts.o)
 .debug_aranges
                0x00000108       0x20 c:/altera/12.1/nios2eds/bin/gnu/h-i686-mingw32/bin/../lib/gcc/nios2-elf/4.1.2/../../../../nios2-elf/lib/mno-hw-mul\libc.a(lib_a-strlen.o)
 .debug_aranges
                0x00000128       0x20 c:/altera/12.1/nios2eds/bin/gnu/h-i686-mingw32/bin/../lib/gcc/nios2-elf/4.1.2/../../../../nios2-elf/lib/mno-hw-mul\libc.a(lib_a-vfprintf.o)
 .debug_aranges
                0x00000148       0x20 c:/altera/12.1/nios2eds/bin/gnu/h-i686-mingw32/bin/../lib/gcc/nios2-elf/4.1.2/../../../../nios2-elf/lib/mno-hw-mul\libc.a(lib_a-wsetup.o)
 .debug_aranges
                0x00000168       0x20 c:/altera/12.1/nios2eds/bin/gnu/h-i686-mingw32/bin/../lib/gcc/nios2-elf/4.1.2/../../../../nios2-elf/lib/mno-hw-mul\libc.a(lib_a-dtoa.o)
 .debug_aranges
                0x00000188       0x20 c:/altera/12.1/nios2eds/bin/gnu/h-i686-mingw32/bin/../lib/gcc/nios2-elf/4.1.2/../../../../nios2-elf/lib/mno-hw-mul\libc.a(lib_a-fflush.o)
 .debug_aranges